// Jest Snapshot v1, https://goo.gl/fbAQLP

exports[`UploadFilePage should take a snapshot of the whole page 1`] = `
<div>
  <div
    class="css-1l99ixu-OuterContainer e4u1u2g0"
  >
    <div
      class="css-n57fe4-InnerContainer e4u1u2g1"
    >
      <div
        aria-labelledby="error-summary-heading-example-1"
        class="error-summary"
        id="errorIsland"
        role="alert"
        tabindex="-1"
      >
        <h2
          class="heading-medium error-summary-heading"
          id="error-summary-heading-example-1"
        >
          There is a problem
        </h2>
        <ul
          class="error-summary-list"
        >
          <li>
            <a
              href="#file"
            >
              Upload a valid CSV file to continue
            </a>
          </li>
        </ul>
      </div>
      <form
        action="/orchestration/api/v1/save/landings?c=/create-catch-certificate/document123/upload-file&n=/create-catch-certificate/document123/some-next-uri&documentNumber=document123"
        method="POST"
      >
        <div
          class="css-1lzr9ic-StyledRow e4u1u2g0"
        >
          <div
            class="css-1w80l5h-StyledColumn e4u1u2g0"
          >
            <a
              class="e1vcssft0 css-zk98nb-Anchor-StyledHoc e4u1u2g0"
              href="/create-catch-certificate/:documentNumber/landings-entry"
            >
              Back
            </a>
            <div
              class="notification-banner upload-csv-notification"
              role="alert"
              style="border: 0px;"
            >
              <div
                class="notification-banner__header"
              >
                <h2
                  class="notification-banner__title"
                >
                  File upload complete
                </h2>
              </div>
              <div
                class="notification-banner__content"
              >
                <p
                  class="notification-banner__heading"
                >
                  1 out of 2 rows uploaded successfully
                </p>
              </div>
            </div>
            <h1
              class="e1vcssft0 css-11nzzut-StyledHeader-StyledHoc e4u1u2g0"
            >
              Upload products and landings
            </h1>
            <h2
              class="e1vcssft0 css-162lx7h-StyledHeader-StyledHoc e4u1u2g0"
              data-testid="guidance-heading"
            >
              Guidance
            </h2>
            <div
              class="warning-message e1vcssft0 css-jxvtpr-StyledWarningText-StyledHoc e4u1u2g0"
              data-testid="warning-message"
            >
              <div
                class="css-96kz36-IconImportantWrapper e4u1u2g1"
              >
                <svg
                  fill="currentColor"
                  height="100%"
                  preserveAspectRatio="xMidYMid meet"
                  style="display: block;"
                  version="1.1"
                  viewBox="0 0 35.000000 35.000000"
                  width="100%"
                >
                  <title>
                    icon important
                  </title>
                  <g
                    transform="translate(0.000000,35.000000) scale(0.100000,-0.100000)"
                  >
                    <path
                      d="M100 332 c-87 -48 -125 -155 -82 -232 48 -87 155 -125 232 -82 87 48
125 155 82 232 -48 87 -155 125 -232 82z m100 -122 c0 -53 -2 -60 -20 -60 -18
0 -20 7 -20 60 0 53 2 60 20 60 18 0 20 -7 20 -60z m0 -111 c0 -12 -7 -19 -20
-19 -19 0 -28 28 -14 43 11 11 34 -5 34 -24z"
                    />
                  </g>
                </svg>
              </div>
              <strong
                class="css-jegmsb-WarningTextWrapper e4u1u2g2"
              >
                To upload products and landings, you will need to read and understand the
                 
                <a
                  aria-label="Opens link for information on upload guidance"
                  href="/upload-guidance"
                >
                  <span
                    class="govuk-visually-hidden"
                  >
                    (opens in same tab)
                  </span>
                  upload guidance
                </a>
                , 
                and create your
                 
                <a
                  aria-label="Opens link for information on product favourites"
                  href="/manage-favourites"
                >
                  <span
                    class="govuk-visually-hidden"
                  >
                    (opens in same tab)
                  </span>
                  product favourites.
                </a>
              </strong>
            </div>
          </div>
        </div>
        <div
          class="css-1lzr9ic-StyledRow e4u1u2g0"
        >
          <div
            class="css-1w80l5h-StyledColumn e4u1u2g0"
          >
            <h2
              class="e1vcssft0 css-162lx7h-StyledHeader-StyledHoc e4u1u2g0"
              data-testid="file-upload-heading"
            >
              File upload
            </h2>
            <label
              class="e1vcssft0 e1vcssft0 css-1f68fac-StyledLabel-StyledHoc-StyledHoc e4u1u2g0"
              data-testid="productCsvFileUpload"
              id="file"
              name="productCsvFile"
            >
              <span
                class="e1vcssft0 css-1k5ljrn-StyledLabelText-StyledHoc e4u1u2g0"
              >
                Upload the CSV file from your device
              </span>
              <span
                class="e1vcssft0 css-9vo93-StyledError-StyledHoc e4u1u2g0"
              >
                Upload a valid CSV file to continue
              </span>
              <input
                accept=".csv"
                class="css-1aflhtc-StyledInput e4u1u2g0"
                type="file"
              />
            </label>
            <div
              class="css-1lzr9ic-StyledRow e4u1u2g0"
            >
              <button
                class="css-17uw1q2-StyledButton-StyledHoc e4u1u2g0"
                id="clearUpload"
                name="clearUpload"
              >
                Clear the upload
              </button>
            </div>
            <h2
              class="e1vcssft0 css-162lx7h-StyledHeader-StyledHoc e4u1u2g0"
              data-testid="upload-results-label"
            >
              Upload results
            </h2>
            <p
              data-testid="validation-failed-paragraph"
            >
              If any rows in your upload fail validation, you can:
            </p>
            <ol
              class="e1vcssft0 css-1uxjyg8-StyledList-StyledHoc e4u1u2g0"
            >
              <li
                class="e1vcssft0 css-h9lpae-StyledListItem-StyledHoc e4u1u2g0"
                data-testid="validation-failed-advice-one"
                style="font-size: 19px; margin-bottom: 5px;"
              >
                Correct the data in the original CSV file, clear the uploaded data then re-upload the updated CSV file, or
              </li>
              <li
                class="e1vcssft0 css-h9lpae-StyledListItem-StyledHoc e4u1u2g0"
                data-testid="validation-failed-advice-two"
                style="font-size: 19px; margin-bottom: 5px;"
              >
                Make a note of the failed landings, click save and continue, then add landings manually or upload a new file.
              </li>
            </ol>
            <table
              class="css-1uqv7s3-StyledTable e4u1u2g0"
              id="uploadedProductsAndLandings"
            >
              <caption
                class="css-gzlitc-Caption e172z3n50"
              />
              <thead
                class="css-1iuscil-TableHeader e1tbxulj0"
              >
                <tr
                  class="css-7u9vzt-RowInner e1bh3ka20"
                >
                  <th
                    class="css-12e3svi-CellHeader e1sike1z0"
                  >
                    Row
                  </th>
                  <th
                    class="css-12e3svi-CellHeader e1sike1z0"
                  >
                    Data
                  </th>
                  <th
                    class="css-12e3svi-CellHeader e1sike1z0"
                  >
                    Result
                  </th>
                </tr>
              </thead>
              <tbody
                class="css-x1p7io-TableBody eo9ngsf0"
              >
                <tr
                  class="css-7u9vzt-RowInner e1bh3ka20"
                  data-testid="PRD003"
                  id="landing_PRD003"
                >
                  <td
                    class="css-14ci18q-CellInner edqrv1d0"
                    style="vertical-align: top; width: 5%;"
                  >
                    1
                  </td>
                  <td
                    class="css-14ci18q-CellInner edqrv1d0"
                    style="vertical-align: top; width: 47.5%;"
                  >
                    PRD003,21/07/2021,FAO27,BS16,20
                  </td>
                  <td
                    class="css-14ci18q-CellInner edqrv1d0"
                    style="vertical-align: top; width: 47.5%;"
                  >
                    <strong>
                      Product
                    </strong>
                    : 
                    Atlantic cod, Frozen, Whole, 03061210
                     
                    <br />
                    <strong>
                      Landing
                    </strong>
                    : 
                    19/07/2021, FAO27, CALAMARI (BS16)
                     
                    <br />
                    <strong>
                      Export weight
                    </strong>
                    : 
                    20
                     
                    <br />
                  </td>
                </tr>
                <tr
                  class="css-7u9vzt-RowInner e1bh3ka20"
                  data-testid="PRD621"
                  id="landing_PRD621"
                  style="color: rgb(177, 14, 30);"
                >
                  <td
                    class="css-14ci18q-CellInner edqrv1d0"
                    style="vertical-align: top; width: 5%;"
                  >
                    2
                  </td>
                  <td
                    class="css-14ci18q-CellInner edqrv1d0"
                    style="vertical-align: top; width: 47.5%;"
                  >
                    PRD621,19/07/2021,FAO27,PH1100,10
                  </td>
                  <td
                    class="css-14ci18q-CellInner edqrv1d0"
                    style="vertical-align: top; width: 47.5%;"
                  >
                    <div
                      style="display: flex; flex-wrap: wrap;"
                    >
                      <div
                        style="flex: 1 1 auto; min-width: 10%;"
                      >
                        <strong>
                          FAILED
                        </strong>
                        :
                      </div>
                      <ol
                        style="flex: 1 1 83%;"
                      >
                        <li>
                           
                          Select a vessel from the list
                        </li>
                        <li>
                           
                          Enter a valid date landed
                        </li>
                      </ol>
                    </div>
                  </td>
                </tr>
              </tbody>
            </table>
          </div>
        </div>
        <div
          class="css-1lzr9ic-StyledRow e4u1u2g0"
        >
          <button
            class="css-17uw1q2-StyledButton-StyledHoc e4u1u2g0"
            id="cancel"
            name="cancel"
          >
            Cancel
          </button>
          <button
            class="css-1gc9650-StyledButton-StyledHoc e4u1u2g0"
            id="continue"
          >
            Save and continue
          </button>
        </div>
      </form>
      <a
        href="/create-catch-certificate/document123/progress"
        id="backToProgress"
      >
        Back to Your Progress
        <span
          class="govuk-visually-hidden"
        >
          back to your progress page link
        </span>
      </a>
      <div
        class="css-1lzr9ic-StyledRow e4u1u2g0"
      >
        <div
          class="css-1w80l5h-StyledColumn e4u1u2g0"
        >
          <hr
            class="help-link"
          />
          <h2
            class="e1vcssft0 css-162lx7h-StyledHeader-StyledHoc e4u1u2g0"
          >
            Need help?
          </h2>
          <a
            href="https://www.gov.uk/guidance/exporting-and-importing-fish-if-theres-no-brexit-deal"
            rel="noopener noreferrer"
            target="_blank"
          >
            Get help exporting fish from the UK (gov.uk)
             
            <span
              class="govuk-visually-hidden"
            >
              (opens in new tab)
            </span>
          </a>
        </div>
      </div>
    </div>
  </div>
</div>
`;
