// Jest Snapshot v1, https://goo.gl/fbAQLP

exports[`ProductFavouriteDetail should generate snapshot for the Plane Details page 1`] = `
<div>
  <details>
    <summary
      class="govuk-details__summary"
    >
      What are product favourites?
    </summary>
    <div
      class="govuk-details__text "
    >
      <p>
        Product favourites are essential to enable the uploading of products and can also be used to speed up the process of adding products manually.
      </p>
      <p>
        You can
         
        <a
          aria-label="Opens link for information on fish export service"
          href="/manage-favourites"
          rel="noopener noreferrer"
          target="_blank"
        >
          manage your product favourites
          <span
            class="govuk-visually-hidden"
          >
            (opens in new tab)
          </span>
        </a>
         
        at any time through the favourites link in the main navigation at the top of the page.
      </p>
    </div>
  </details>
</div>
`;
