// Jest Snapshot v1, https://goo.gl/fbAQLP

exports[`When loading radio on server side rendering should override + selectors to select sibling with ~ css selector 1`] = `
.emotion-2 {
  display: block;
  position: relative;
  padding: 0 0 0 38px;
  margin-right: 0px;
  margin-bottom: 10px;
}

@media only screen and (min-width:641px) {
  .emotion-2 {
    margin-bottom: 10px;
  }
}

.emotion-2 input:checked ~ span::after {
  opacity: 1;
}

.emotion-2 input:focus ~ span::before {
  box-shadow: 0 0 0 4px #ffbf47;
}

.emotion-2 input:disabled ~ span {
  opacity: .4;
  pointer-events: none;
}

.emotion-0 {
  position: absolute;
  cursor: pointer;
  left: 0;
  top: 0;
  width: 38px;
  height: 38px;
  z-index: 1;
  margin: 0;
  zoom: 1;
  opacity: 0;
  cursor: pointer;
}

.emotion-0:checked + span::after {
  opacity: 1;
}

.emotion-0:focus + span::before {
  box-shadow: 0 0 0 4px #ffbf47;
}

.emotion-0 + span {
  opacity: 1;
  pointer-events: auto;
}

.emotion-1 {
  font-family: "nta",Arial,sans-serif;
  font-weight: 400;
  text-transform: none;
  font-size: 19px;
  line-height: 1.25;
  cursor: pointer;
  padding: 8px 10px 9px 12px;
  display: block;
}

.emotion-1:before {
  content: '';
  box-sizing: border-box;
  position: absolute;
  top: 0;
  left: 0;
  width: 33px;
  height: 33px;
  border: 2px solid black;
  border-radius: 50%;
  background: transparent;
}

.emotion-1:after {
  content: '';
  position: absolute;
  top: 8px;
  left: 8px;
  width: 0;
  height: 0;
  border: 8.5px solid;
  border-radius: 50%;
  opacity: 0;
}

<div>
  <label
    class="emotion-2"
    id="label-undefined"
  >
    <input
      checked=""
      class="emotion-0"
      name="sample"
      type="radio"
      value="1"
    />
    <span
      class="emotion-1"
    >
      Boo
    </span>
  </label>
</div>
`;
