// Jest Snapshot v1, https://goo.gl/fbAQLP

exports[`Add catch details page should take a snapshot of the whole page 1`] = `
<div>
  <div
    class="storage-notes css-1l99ixu-OuterContainer e4u1u2g0"
  >
    <div
      class="css-n57fe4-InnerContainer e4u1u2g1"
    >
      <form
        action="/orchestration/api/v1/processingStatement/saveAndValidate?c=path&n=nextUri"
        method="POST"
      >
        <div
          class="css-1lzr9ic-StyledRow e4u1u2g0"
        >
          <div
            class="css-1w80l5h-StyledColumn e4u1u2g0"
          >
            <a
              class="e1vcssft0 css-zk98nb-Anchor-StyledHoc e4u1u2g0"
              href="/orchestration/api/v1/processingStatement/back?n=/create-processing-statement/document123/previous-uri"
            >
              Back
            </a>
            <h1
              class="e1vcssft0 css-11nzzut-StyledHeader-StyledHoc e4u1u2g0"
            >
              Add catch details
            </h1>
          </div>
        </div>
        <div
          class="css-1lzr9ic-StyledRow e4u1u2g0"
        >
          <div
            class="css-1w80l5h-StyledColumn e4u1u2g0"
          >
            <div
              class="input-species-ps autocomplete-ps "
            >
              <label
                class="e1vcssft0 css-137pbp-StyledLabel-StyledHoc e4u1u2g0"
                for="catches.0.species"
                id="label-catches-0-species"
                name="catches-0-species"
              >
                <div
                  id="speciesLabel"
                >
                  FAO code or species name
                </div>
                <span
                  class="e1vcssft0 css-1whl0n4-StyledHint-StyledHoc e4u1u2g0"
                >
                  Enter part of the FAO code or species name for suggestions e.g. Atlantic Cod (COD). You must choose from the suggestions provided to avoid invalid documents.
                </span>
                <div
                  class="autocomplete__wrapper"
                >
                  <div
                    style="border: 0px; height: 1px; margin-bottom: -1px; margin-right: -1px; overflow: hidden; padding: 0px; position: absolute; white-space: nowrap; width: 1px;"
                  >
                    <div
                      aria-atomic="true"
                      aria-live="polite"
                      id="catches.0.species__status--A"
                      role="status"
                    />
                    <div
                      aria-atomic="true"
                      aria-live="polite"
                      id="catches.0.species__status--B"
                      role="status"
                    />
                  </div>
                  
                  <input
                    aria-activedescendant="false"
                    aria-autocomplete="list"
                    aria-describedby="catches.0.species__assistiveHint"
                    aria-expanded="false"
                    aria-owns="catches.0.species__listbox"
                    autocomplete="off"
                    class="autocomplete__input autocomplete__input--default"
                    id="catches.0.species"
                    name="catches.0.species"
                    placeholder=""
                    role="combobox"
                    type="text"
                    value=""
                  />
                  <ul
                    class="autocomplete__menu autocomplete__menu--overlay autocomplete__menu--hidden"
                    id="catches.0.species__listbox"
                    role="listbox"
                  />
                  <span
                    id="catches.0.species__assistiveHint"
                    style="display: none;"
                  >
                    When autocomplete results are available use up and down arrows to review and enter to select.  Touch device users, explore by touch or with swipe gestures.
                  </span>
                </div>
              </label>
              <input
                name="speciesCode"
                type="hidden"
                value=""
              />
              <input
                name="scientificName"
                type="hidden"
                value=""
              />
            </div>
            <br />
            <details>
              <summary
                class="govuk-details__summary"
              >
                I cannot find the species
              </summary>
              <div
                class="govuk-details__text "
              >
                For best results, search for the common English name or the FAO code (if known) as species nicknames are not supported.
                <p
                  class="css-sq4ju6"
                >
                  Some species are exempt
                  : 
                  <a
                    aria-label="Link opens in a new window"
                    href="https://eur-lex.europa.eu/LexUriServ/LexUriServ.do?uri=OJ:L:2011:057:0010:0018:EN:PDF"
                    rel="noopener noreferrer"
                    target="_blank"
                  >
                    Species exempt from Processing Statements (europa.eu)
                     
                    <span
                      class="govuk-visually-hidden"
                    >
                      (opens in new tab)
                    </span>
                  </a>
                </p>
                If you cannot find the species and it is not exempt, call 
                0330 159 1989.
              </div>
            </details>
          </div>
        </div>
        <div
          class="css-1lzr9ic-StyledRow e4u1u2g0"
        >
          <div
            class="css-n58wva-StyledColumn e4u1u2g0"
          >
            <label
              class="e1vcssft0 e1vcssft0 css-5tg97n-StyledLabel-StyledHoc-StyledHoc e4u1u2g0"
              for="catches.0.catchCertificateNumber"
              id="catches-0-catchCertificateNumber"
            >
              <span
                class="e1vcssft0 css-3e01s4-StyledLabelText-StyledHoc e4u1u2g0"
              >
                Catch certificate number
              </span>
              
              <input
                autocomplete="off"
                class="formControl e1vcssft0 css-4n7f6s-StyledInput-StyledHoc e4u1u2g0"
                id="catches.0.catchCertificateNumber"
                maxlength="54"
                name="catches.0.catchCertificateNumber"
                type="text"
                value=""
              />
            </label>
          </div>
        </div>
        <div
          class="css-1lzr9ic-StyledRow e4u1u2g0"
        >
          <button
            class="css-17uw1q2-StyledButton-StyledHoc e4u1u2g0"
            formaction="/orchestration/api/v1/processingStatement/saveAndValidate?c=path&n=nextUri&saveAsDraftUrl=undefined"
            id="saveAsDraft"
            name="saveAsDraft"
            type="submit"
          >
            Save as Draft
          </button>
          <input
            name="journey"
            type="hidden"
            value=""
          />
          <input
            name="currentUri"
            type="hidden"
            value="path"
          />
          <button
            class="css-1gc9650-StyledButton-StyledHoc e4u1u2g0"
            id="continue"
            type="submit"
          >
            Save and continue
          </button>
        </div>
      </form>
      <a
        href="/create-processing-statement/document123/progress"
        id="backToProgress"
      >
        Back to Your Progress
        <span
          class="govuk-visually-hidden"
        >
          back to your progress page link
        </span>
      </a>
      <div
        class="css-1lzr9ic-StyledRow e4u1u2g0"
      >
        <div
          class="css-1w80l5h-StyledColumn e4u1u2g0"
        >
          <hr
            class="help-link"
          />
          <h2
            class="e1vcssft0 css-162lx7h-StyledHeader-StyledHoc e4u1u2g0"
          >
            Need help?
          </h2>
          <a
            href="undefined"
            rel="noopener noreferrer"
            target="_blank"
          >
            Get help exporting fish from the UK (gov.uk)
             
            <span
              class="govuk-visually-hidden"
            >
              (opens in new tab)
            </span>
          </a>
        </div>
      </div>
    </div>
  </div>
</div>
`;
