// Jest Snapshot v1, https://goo.gl/fbAQLP

exports[`ProgressPage should take a snapshot of the whole page 1`] = `
<div>
  <div
    class="css-1l99ixu-OuterContainer e4u1u2g0"
  >
    <div
      class="css-n57fe4-InnerContainer e4u1u2g1"
    >
      <div
        class="css-1lzr9ic-StyledRow e4u1u2g0"
      >
        <div
          class="css-1w80l5h-StyledColumn e4u1u2g0"
        >
          <a
            class="e1vcssft0 css-zk98nb-Anchor-StyledHoc e4u1u2g0"
            href="/create-processing-statement/processing-statements"
          >
            Back
          </a>
          <h1
            class="e1vcssft0 css-11nzzut-StyledHeader-StyledHoc e4u1u2g0"
          >
            Your Progress
          </h1>
          <h2
            class="govuk-heading progess-h1text e1vcssft0 css-162lx7h-StyledHeader-StyledHoc e4u1u2g0"
            data-testid="ps-progress-heading"
          >
            Processing Statement application:
            document123
          </h2>
          <br />
          <br />
          <div
            class="task-list-info"
          >
            <h2
              class="govuk-heading-m e1vcssft0 css-162lx7h-StyledHeader-StyledHoc e4u1u2g0"
              data-testid="ApplicationIncomplete-heading"
            >
              Application completed
            </h2>
            <p
              data-testid="completedSections"
            >
              You have completed 7 of 7 required sections.
            </p>
          </div>
          <ol
            class="app-task-list e1vcssft0 css-11q1tzs-StyledList-StyledHoc e4u1u2g0"
          >
            <li
              class="e1vcssft0 css-h9lpae-StyledListItem-StyledHoc e4u1u2g0"
            >
              <h2
                class="app-task-list__section e1vcssft0 css-162lx7h-StyledHeader-StyledHoc e4u1u2g0"
                data-testid="Exporter-heading"
              >
                <span
                  class="app-task-list__section-number"
                >
                  1.
                </span>
                Exporter
              </h2>
              <ul
                class="app-task-list__items e1vcssft0 css-11q1tzs-StyledList-StyledHoc e4u1u2g0"
              >
                <div
                  class="grey-border-top"
                />
                <li
                  class="app-task-list__item  e1vcssft0 css-h9lpae-StyledListItem-StyledHoc e4u1u2g0"
                  data-testid="progress-yourReference-wrapper"
                  id="undefined"
                >
                  <a
                    data-testid="progress-yourReference-title"
                    href="/create-processing-statement/document123/user-reference"
                  >
                    Your reference
                     (Optional)
                  </a>
                  <strong
                    class="govuk-tag govuk-tag--grey app-task-list__tag"
                    data-testid="progress-yourReference-tag"
                  >
                    OPTIONAL
                  </strong>
                </li>
                <div
                  class="grey-border-bottom"
                />
                <li
                  class="app-task-list__item  e1vcssft0 css-h9lpae-StyledListItem-StyledHoc e4u1u2g0"
                  data-testid="progress-exporterDetails-wrapper"
                  id="exporter"
                >
                  <a
                    data-testid="progress-exporterDetails-title"
                    href="/create-processing-statement/document123/exporter-details"
                  >
                    Exporter details
                  </a>
                  <strong
                    class="govuk-tag govuk-tag--blue app-task-list__tag"
                    data-testid="progress-exporterDetails-tag"
                  >
                    INCOMPLETE
                  </strong>
                </li>
                <div
                  class="grey-border-bottom"
                />
              </ul>
            </li>
            <br />
            <br />
            <li
              class="e1vcssft0 css-h9lpae-StyledListItem-StyledHoc e4u1u2g0"
            >
              <h2
                class="app-task-list__section e1vcssft0 css-162lx7h-StyledHeader-StyledHoc e4u1u2g0"
                data-testid="Products-heading"
              >
                <span
                  class="app-task-list__section-number"
                >
                  2.
                </span>
                Products
              </h2>
              <ul
                class="app-task-list__items e1vcssft0 css-11q1tzs-StyledList-StyledHoc e4u1u2g0"
              >
                <div
                  class="grey-border-top"
                />
                <li
                  class="app-task-list__item  e1vcssft0 css-h9lpae-StyledListItem-StyledHoc e4u1u2g0"
                  data-testid="progress-consignmentDescription-wrapper"
                  id="consignmentDescription"
                >
                  <a
                    data-testid="progress-consignmentDescription-title"
                    href="/create-processing-statement/document123/consignment-description"
                  >
                    Consignment description
                  </a>
                  <strong
                    class="govuk-tag govuk-tag--blue app-task-list__tag"
                    data-testid="progress-consignmentDescription-tag"
                  >
                    INCOMPLETE
                  </strong>
                </li>
                <div
                  class="grey-border-bottom"
                />
                <li
                  class="app-task-list__item  e1vcssft0 css-h9lpae-StyledListItem-StyledHoc e4u1u2g0"
                  data-testid="progress-catchDetails-wrapper"
                  id="catches"
                >
                  <a
                    data-testid="progress-catchDetails-title"
                    href="/create-processing-statement/document123/catches"
                  >
                    Catch details
                  </a>
                  <strong
                    class="govuk-tag govuk-tag--blue app-task-list__tag"
                    data-testid="progress-catchDetails-tag"
                  >
                    INCOMPLETE
                  </strong>
                </li>
                <div
                  class="grey-border-bottom"
                />
              </ul>
            </li>
            <br />
            <br />
            <li
              class="e1vcssft0 css-h9lpae-StyledListItem-StyledHoc e4u1u2g0"
            >
              <h2
                class="app-task-list__section e1vcssft0 css-162lx7h-StyledHeader-StyledHoc e4u1u2g0"
                data-testid="Processing-heading"
              >
                <span
                  class="app-task-list__section-number"
                >
                  3.
                </span>
                <span
                  data-testid="psProgressProcessingPlantSectionTitle"
                >
                  Processing plant
                </span>
              </h2>
              <ul
                class="app-task-list__items e1vcssft0 css-11q1tzs-StyledList-StyledHoc e4u1u2g0"
              >
                <div
                  class="grey-border-top"
                />
                <li
                  class="app-task-list__item  e1vcssft0 css-h9lpae-StyledListItem-StyledHoc e4u1u2g0"
                  data-testid="progress-processingPlant-wrapper"
                  id="processingPlant"
                >
                  <a
                    data-testid="progress-processingPlant-title"
                    href="/create-processing-statement/document123/processing-plant"
                  >
                    Processing plant ID
                  </a>
                  <strong
                    class="govuk-tag govuk-tag--blue app-task-list__tag"
                    data-testid="progress-processingPlant-tag"
                  >
                    INCOMPLETE
                  </strong>
                </li>
                <div
                  class="grey-border-bottom"
                />
                <li
                  class="app-task-list__item  e1vcssft0 css-h9lpae-StyledListItem-StyledHoc e4u1u2g0"
                  data-testid="progress-processingPlantAddress-wrapper"
                  id="processingPlantAddress"
                >
                  <a
                    data-testid="progress-processingPlantAddress-title"
                    href="/create-processing-statement/document123/processing-plant-address"
                  >
                    Processing plant address
                  </a>
                  <strong
                    class="govuk-tag govuk-tag--blue app-task-list__tag"
                    data-testid="progress-processingPlantAddress-tag"
                  >
                    INCOMPLETE
                  </strong>
                </li>
                <div
                  class="grey-border-bottom"
                />
              </ul>
            </li>
            <br />
            <br />
            <li
              class="e1vcssft0 css-h9lpae-StyledListItem-StyledHoc e4u1u2g0"
            >
              <h2
                class="app-task-list__section e1vcssft0 css-162lx7h-StyledHeader-StyledHoc e4u1u2g0"
                data-testid="TransportationAndLogistics-heading"
              >
                <span
                  class="app-task-list__section-number"
                >
                  4.
                </span>
                Transportation & logistics
              </h2>
              <ul
                class="app-task-list__items e1vcssft0 css-11q1tzs-StyledList-StyledHoc e4u1u2g0"
              >
                <div
                  class="grey-border-top"
                />
                <li
                  class="app-task-list__item  e1vcssft0 css-h9lpae-StyledListItem-StyledHoc e4u1u2g0"
                  data-testid="progress-exportHealthCertificate-wrapper"
                  id="exportHealthCertificate"
                >
                  <a
                    data-testid="progress-exportHealthCertificate-title"
                    href="/create-processing-statement/document123/export-health-certificate"
                  >
                    Export Health certificate
                  </a>
                  <strong
                    class="govuk-tag govuk-tag--blue app-task-list__tag"
                    data-testid="progress-exportHealthCertificate-tag"
                  >
                    INCOMPLETE
                  </strong>
                </li>
                <div
                  class="grey-border-bottom"
                />
                <li
                  class="app-task-list__item  e1vcssft0 css-h9lpae-StyledListItem-StyledHoc e4u1u2g0"
                  data-testid="progress-exportDestination-wrapper"
                  id="exportDestination"
                >
                  <a
                    data-testid="progress-exportDestination-title"
                    href="/create-processing-statement/document123/export-destination"
                  >
                    Export destination
                  </a>
                  <strong
                    class="govuk-tag govuk-tag--blue app-task-list__tag"
                    data-testid="progress-exportDestination-tag"
                  >
                    INCOMPLETE
                  </strong>
                </li>
                <div
                  class="grey-border-bottom"
                />
              </ul>
            </li>
          </ol>
          <br />
          <br />
          <div
            class="css-1lzr9ic-StyledRow e4u1u2g0"
          >
            <button
              class="govuk-button govuk-button--secondary css-17uw1q2-StyledButton-StyledHoc e4u1u2g0"
              id="returnToYourDashboard"
              name="returnToYourDashboard"
              type="button"
              value="returnToYourDashboard"
            >
              Return to your dashboard
            </button>
            <button
              class="css-1gc9650-StyledButton-StyledHoc e4u1u2g0"
              id="continue"
            >
              Check your answers and submit
            </button>
          </div>
          <div
            class="css-1lzr9ic-StyledRow e4u1u2g0"
          >
            <div
              class="css-1w80l5h-StyledColumn e4u1u2g0"
            >
              <hr
                class="help-link"
              />
              <h2
                class="e1vcssft0 css-162lx7h-StyledHeader-StyledHoc e4u1u2g0"
              >
                Need help?
              </h2>
              <a
                href="undefined"
                rel="noopener noreferrer"
                target="_blank"
              >
                Get help exporting fish from the UK (gov.uk)
                 
                <span
                  class="govuk-visually-hidden"
                >
                  (opens in new tab)
                </span>
              </a>
            </div>
          </div>
        </div>
      </div>
    </div>
  </div>
</div>
`;
