// Jest Snapshot v1, https://goo.gl/fbAQLP

exports[`summary page when the ui is fully render with no errors should match the previous snapshot 1`] = `
<div>
  <div
    class="css-1l99ixu-OuterContainer e4u1u2g0"
  >
    <div
      class="css-n57fe4-InnerContainer e4u1u2g1"
    >
      <div
        class="css-1lzr9ic-StyledRow e4u1u2g0"
      >
        <div
          class="css-1w80l5h-StyledColumn e4u1u2g0"
        >
          <a
            class="e1vcssft0 css-zk98nb-Anchor-StyledHoc e4u1u2g0"
            href="/create-processing-statement/undefined/what-export-destination"
          >
            Back
          </a>
          <h1
            class="e1vcssft0 css-11nzzut-StyledHeader-StyledHoc e4u1u2g0"
          >
            Check your information before you create the processing statement
          </h1>
        </div>
      </div>
      <div
        class="css-1lzr9ic-StyledRow e4u1u2g0"
      >
        <div
          class="css-1w80l5h-StyledColumn e4u1u2g0"
        >
          <h2
            class="e1vcssft0 css-162lx7h-StyledHeader-StyledHoc e4u1u2g0"
          >
            Document details
          </h2>
        </div>
      </div>
      <div
        class="css-1lzr9ic-StyledRow e4u1u2g0"
      >
        <div
          class="css-1w80l5h-StyledColumn e4u1u2g0"
        >
          <h2
            class="e1vcssft0 css-162lx7h-StyledHeader-StyledHoc e4u1u2g0"
          >
            Exporter details
          </h2>
          <dl
            class="summary css-39qxwj"
            id="exporter-details"
          >
            <div
              class="css-16k4qo5"
            >
              <dt
                class="css-a1pm7p"
              >
                Company name
              </dt>
              <dd
                class="css-1eokjdt"
              />
              <span
                class="css-3ay1af"
              >
                <a
                  class="css-80kuzi-StyledHoc e109g54z0"
                  href="/create-processing-statement/undefined/add-exporter-details"
                  id="change-exporterCompanyName"
                >
                  Change
                  <span
                    class="govuk-visually-hidden"
                  >
                    exporter name
                  </span>
                </a>
              </span>
            </div>
            <div
              class="css-16k4qo5"
            >
              <dt
                class="css-a1pm7p"
              >
                Company address
              </dt>
              <dd
                class="css-1eokjdt"
              />
              <span
                class="css-3ay1af"
              >
                <a
                  class="css-80kuzi-StyledHoc e109g54z0"
                  href="/create-processing-statement/undefined/add-exporter-details"
                  id="change-exporterAddress"
                >
                  Change
                  <span
                    class="govuk-visually-hidden"
                  >
                    exporter address
                  </span>
                </a>
              </span>
            </div>
          </dl>
        </div>
      </div>
      <form
        action="/orchestration/api/v1/processingStatement/generatePdf?c=/create-processing-statement/undefined/check-your-information&n=/create-processing-statement/undefined/processing-statement-created"
        method="POST"
      >
        <div
          class="css-1lzr9ic-StyledRow e4u1u2g0"
        >
          <div
            class="css-1w80l5h-StyledColumn e4u1u2g0"
          >
            <h2
              class="e1vcssft0 css-162lx7h-StyledHeader-StyledHoc e4u1u2g0"
            >
              Consignment details
            </h2>
            <dl
              class="css-39qxwj"
              id="consignment-details"
            >
              <div
                class="css-16k4qo5"
              >
                <dt
                  class="css-a1pm7p"
                >
                  Description and commodity code
                </dt>
                <dd
                  class="css-1eokjdt"
                >
                  hdhdhhd
                </dd>
                <span
                  class="css-3ay1af"
                >
                  <a
                    class="css-80kuzi-StyledHoc e109g54z0"
                    href="/create-processing-statement/undefined/add-consignment-details"
                    id="change-consignmentDescription"
                  >
                    Change
                    <span
                      class="govuk-visually-hidden"
                    >
                      description and commodity code
                    </span>
                  </a>
                </span>
              </div>
              <div
                class="css-16k4qo5"
              >
                <dt
                  class="css-a1pm7p"
                >
                  Health certificate number
                </dt>
                <dd
                  class="css-1eokjdt"
                >
                  20/2/123456
                </dd>
                <span
                  class="css-3ay1af"
                >
                  <a
                    class="css-80kuzi-StyledHoc e109g54z0"
                    href="/create-processing-statement/undefined/add-health-certificate"
                    id="change-healthCertificateNumber"
                  >
                    Change
                    <span
                      class="govuk-visually-hidden"
                    >
                      health certificate number
                    </span>
                  </a>
                </span>
              </div>
            </dl>
            <dl
              class="css-39qxwj"
              id="health-certificate-date"
            >
              <div
                class="css-16k4qo5"
              >
                <dt
                  class="css-a1pm7p"
                >
                  Health certificate date
                </dt>
                <dd
                  class="css-1eokjdt"
                >
                  31 May 2021
                </dd>
                <span
                  class="css-3ay1af"
                >
                  <a
                    class="css-80kuzi-StyledHoc e109g54z0"
                    href="/create-processing-statement/undefined/add-health-certificate"
                    id="change-healthCertificateDate"
                  >
                    Change
                    <span
                      class="govuk-visually-hidden"
                    >
                      health certificate date
                    </span>
                  </a>
                </span>
              </div>
            </dl>
          </div>
        </div>
        <div
          class="css-1lzr9ic-StyledRow e4u1u2g0"
        >
          <div
            class="css-1w80l5h-StyledColumn e4u1u2g0"
          >
            <h2
              class="e1vcssft0 css-162lx7h-StyledHeader-StyledHoc e4u1u2g0"
            >
              Catches in this consignment
            </h2>
            <dl
              class="css-39qxwj"
              id="catches-in-consignment"
            >
              <div
                class="catch-row "
                id="catches-in-consignment-0"
              >
                <div
                  class="catch-table"
                >
                  <div
                    class="css-16k4qo5"
                  >
                    <dt
                      class="css-umwrei"
                    >
                      Species
                    </dt>
                    <dd
                      class="css-1szlssk"
                    >
                      Dwarf codling (AIM)
                    </dd>
                    <span
                      class="css-jgj7td"
                    >
                      <a
                        class="css-80kuzi-StyledHoc e109g54z0"
                        href="/create-processing-statement/undefined/add-catch-details/0"
                        id="change-catches-0-species"
                      >
                        Change
                        <span
                          class="govuk-visually-hidden"
                        >
                          species Dwarf codling (AIM)
                        </span>
                      </a>
                    </span>
                  </div>
                  <div
                    class="css-16k4qo5"
                  >
                    <dt
                      class="css-umwrei"
                    >
                      Catch certificate number
                    </dt>
                    <dd
                      class="css-1szlssk"
                    >
                      786689OY
                    </dd>
                    <span
                      class="css-jgj7td"
                    >
                      <a
                        class="css-80kuzi-StyledHoc e109g54z0"
                        href="/create-processing-statement/undefined/add-catch-details/0"
                        id="change-catches-0-catchCertificateNumber"
                      >
                        Change
                        <span
                          class="govuk-visually-hidden"
                        >
                          catch certificate number for Dwarf codling (AIM)
                        </span>
                      </a>
                    </span>
                  </div>
                  <div
                    class="css-16k4qo5"
                  >
                    <dt
                      class="css-umwrei"
                    >
                      Total weight landed in kg
                    </dt>
                    <dd
                      class="css-1szlssk"
                    >
                      2
                      kg
                    </dd>
                    <span
                      class="css-jgj7td"
                    >
                      <a
                        class="css-80kuzi-StyledHoc e109g54z0"
                        href="/create-processing-statement/undefined/add-catch-weights/0"
                        id="change-catches-0-totalWeightLanded"
                      >
                        Change
                        <span
                          class="govuk-visually-hidden"
                        >
                          total weight landed for Dwarf codling (AIM) 
                        </span>
                      </a>
                    </span>
                  </div>
                  <div
                    class="css-16k4qo5"
                  >
                    <dt
                      class="css-umwrei"
                    >
                      Export weight in kg (before processing)
                    </dt>
                    <dd
                      class="css-1szlssk"
                    >
                      2
                      kg
                    </dd>
                    <span
                      class="css-jgj7td"
                    >
                      <a
                        class="css-80kuzi-StyledHoc e109g54z0"
                        href="/create-processing-statement/undefined/add-catch-weights/0"
                        id="change-catches-0-exportWeightBeforeProcessing"
                      >
                        Change
                        <span
                          class="govuk-visually-hidden"
                        >
                          export weight before processing for Dwarf codling (AIM) 
                        </span>
                      </a>
                    </span>
                  </div>
                  <div
                    class="css-16k4qo5"
                  >
                    <dt
                      class="css-umwrei"
                    >
                      Export weight in kg (after processing)
                    </dt>
                    <dd
                      class="css-1szlssk"
                    >
                      2
                      kg
                    </dd>
                    <span
                      class="css-jgj7td"
                    >
                      <a
                        class="css-80kuzi-StyledHoc e109g54z0"
                        href="/create-processing-statement/undefined/add-catch-weights/0"
                        id="change-catches-0-exportWeightAfterProcessing"
                      >
                        Change
                        <span
                          class="govuk-visually-hidden"
                        >
                          export weight before processing for Dwarf codling (AIM)
                        </span>
                      </a>
                    </span>
                  </div>
                </div>
              </div>
              <div
                class="seperationLine"
              />
            </dl>
          </div>
        </div>
        <h2
          class="e1vcssft0 css-162lx7h-StyledHeader-StyledHoc e4u1u2g0"
        >
          Processing plant details
        </h2>
        <div
          class="css-1lzr9ic-StyledRow e4u1u2g0"
        >
          <div
            class="css-1w80l5h-StyledColumn e4u1u2g0"
          >
            <dl
              class="summary css-39qxwj"
            >
              <div
                class="css-16k4qo5"
              >
                <dt
                  class="css-a1pm7p"
                >
                  Person responsible for this consignment
                </dt>
                <dd
                  class="css-1eokjdt"
                >
                  eee
                </dd>
                <span
                  class="css-3ay1af"
                >
                  <a
                    class="css-80kuzi-StyledHoc e109g54z0"
                    href="/create-processing-statement/undefined/add-processing-plant-details"
                    id="change-personResponsibleForConsignment"
                  >
                    Change
                    <span
                      class="govuk-visually-hidden"
                    >
                      person responsible for this consignment
                    </span>
                  </a>
                </span>
              </div>
              <div
                class="css-16k4qo5"
              >
                <dt
                  class="css-a1pm7p"
                >
                  Plant approval number
                </dt>
                <dd
                  class="css-1eokjdt"
                >
                  rrr
                </dd>
                <span
                  class="css-3ay1af"
                >
                  <a
                    class="css-80kuzi-StyledHoc e109g54z0"
                    href="/create-processing-statement/undefined/add-processing-plant-details"
                    id="change-plantApprovalNumber"
                  >
                    Change
                    <span
                      class="govuk-visually-hidden"
                    >
                      plant approval number
                    </span>
                  </a>
                </span>
              </div>
              <div
                class="css-16k4qo5"
              >
                <dt
                  class="css-a1pm7p"
                >
                  Plant name
                </dt>
                <dd
                  class="css-1eokjdt"
                >
                  ttt
                </dd>
                <span
                  class="css-3ay1af"
                >
                  <a
                    class="css-80kuzi-StyledHoc e109g54z0"
                    href="/create-processing-statement/undefined/add-processing-plant-details"
                    id="change-plantName"
                  >
                    Change
                    <span
                      class="govuk-visually-hidden"
                    >
                      plant name
                    </span>
                  </a>
                </span>
              </div>
              <div
                class="css-16k4qo5"
              >
                <dt
                  class="css-a1pm7p"
                >
                  Address
                </dt>
                <dd
                  class="css-1eokjdt"
                >
                  LANCASTER HOUSE, HAMPSHIRE COURT
                  <br />
                  NEWCASTLE UPON TYNE
                  <br />
                  NE4 7YH
                  <br />
                </dd>
                <span
                  class="css-3ay1af"
                >
                  <a
                    class="css-80kuzi-StyledHoc e109g54z0"
                    href="/create-processing-statement/undefined/add-processing-plant-details"
                    id="change-plant-address"
                  >
                    Change
                    <span
                      class="govuk-visually-hidden"
                    >
                      plant address
                    </span>
                  </a>
                </span>
              </div>
            </dl>
          </div>
        </div>
        <div
          class="css-1lzr9ic-StyledRow e4u1u2g0"
        >
          <div
            class="css-1w80l5h-StyledColumn e4u1u2g0"
          >
            <h2
              class="e1vcssft0 css-162lx7h-StyledHeader-StyledHoc e4u1u2g0"
            >
              Transport details
            </h2>
            <dl
              class="css-39qxwj"
              id="transport-details"
            >
              <div
                class="css-16k4qo5"
                id="destination-country"
              >
                <dt
                  class="css-a1pm7p"
                >
                  What is the export destination?
                </dt>
                <dd
                  class="css-1eokjdt"
                >
                  Antigua and Barbuda
                </dd>
                <span
                  class="css-3ay1af"
                >
                  <a
                    class="css-80kuzi-StyledHoc e109g54z0"
                    href="/create-processing-statement/undefined/what-export-destination"
                    id="change-exportedTo"
                  >
                    Change
                    <span
                      class="govuk-visually-hidden"
                    >
                      destination country
                    </span>
                  </a>
                </span>
              </div>
            </dl>
          </div>
        </div>
        <div
          class="css-1lzr9ic-StyledRow e4u1u2g0"
        >
          <div
            class="warning-message css-1w80l5h-StyledColumn e4u1u2g0"
          >
            <div
              class="e1vcssft0 css-jxvtpr-StyledWarningText-StyledHoc e4u1u2g0"
            >
              <div
                class="css-96kz36-IconImportantWrapper e4u1u2g1"
              >
                <svg
                  fill="currentColor"
                  height="100%"
                  preserveAspectRatio="xMidYMid meet"
                  style="display: block;"
                  version="1.1"
                  viewBox="0 0 35.000000 35.000000"
                  width="100%"
                >
                  <title>
                    icon important
                  </title>
                  <g
                    transform="translate(0.000000,35.000000) scale(0.100000,-0.100000)"
                  >
                    <path
                      d="M100 332 c-87 -48 -125 -155 -82 -232 48 -87 155 -125 232 -82 87 48
125 155 82 232 -48 87 -155 125 -232 82z m100 -122 c0 -53 -2 -60 -20 -60 -18
0 -20 7 -20 60 0 53 2 60 20 60 18 0 20 -7 20 -60z m0 -111 c0 -12 -7 -19 -20
-19 -19 0 -28 28 -14 43 11 11 34 -5 34 -24z"
                    />
                  </g>
                </svg>
              </div>
              <strong
                class="css-jegmsb-WarningTextWrapper e4u1u2g2"
              >
                In submitting the information in this processing statement, I acknowledge that I understand that I am under a duty not to knowingly submit information which I know to be false or otherwise inaccurate. The fisheries administrations may undertake checks on the accuracy and validity of the data and may cross reference it with data held and submitted by others in the supply chain, and may exchange data with other relevant fisheries administrations, including those in the country of export. I understand that I may be liable to investigation and potentially to enforcement action, including prosecution if I knowingly submit false, misleading or otherwise inaccurate data.
              </strong>
            </div>
          </div>
        </div>
        <div
          class="css-1lzr9ic-StyledRow e4u1u2g0"
        >
          <div
            class="css-1w80l5h-StyledColumn e4u1u2g0"
          >
            <button
              class="button button-start"
              id="continue"
              type="submit"
            >
              Accept and create processing statement
            </button>
          </div>
        </div>
      </form>
      <br />
      <div
        class="css-1lzr9ic-StyledRow e4u1u2g0"
      >
        <div
          class="css-1w80l5h-StyledColumn e4u1u2g0"
        >
          <hr
            class="help-link"
          />
          <h2
            class="e1vcssft0 css-162lx7h-StyledHeader-StyledHoc e4u1u2g0"
          >
            Need help?
          </h2>
          <a
            href="undefined"
            rel="noopener noreferrer"
            target="_blank"
          >
            Get help exporting fish from the UK (gov.uk)
             
            <span
              class="govuk-visually-hidden"
            >
              (opens in new tab)
            </span>
          </a>
        </div>
      </div>
    </div>
  </div>
</div>
`;
