// Jest Snapshot v1, https://goo.gl/fbAQLP

exports[`AddAddressForm should take a snapshot of AddAddressForm: PostcodeLookUp: Step 3 1`] = `
<div>
  <form>
    <div
      class="css-1lzr9ic-StyledRow e4u1u2g0"
    >
      <div
        class="css-1w80l5h-StyledColumn e4u1u2g0"
      >
        <label
          class="e1vcssft0 e1vcssft0 css-5tg97n-StyledLabel-StyledHoc-StyledHoc e4u1u2g0"
          for="subBuildingName"
        >
          <span
            class="e1vcssft0 css-3e01s4-StyledLabelText-StyledHoc e4u1u2g0"
          >
            Sub-building name
          </span>
          <span
            class="e1vcssft0 css-1whl0n4-StyledHint-StyledHoc e4u1u2g0"
          >
            For example, the flat or apartment number
          </span>
          
          <input
            class="mediumInput e1vcssft0 css-4n7f6s-StyledInput-StyledHoc e4u1u2g0"
            id="subBuildingName"
            name="subBuildingName"
            type="text"
            value="sub building name"
          />
        </label>
      </div>
    </div>
    <div
      class="css-1lzr9ic-StyledRow e4u1u2g0"
    >
      <div
        class="css-1w80l5h-StyledColumn e4u1u2g0"
      >
        <label
          class="e1vcssft0 e1vcssft0 css-5tg97n-StyledLabel-StyledHoc-StyledHoc e4u1u2g0"
          for="buildingNumber"
        >
          <span
            class="e1vcssft0 css-3e01s4-StyledLabelText-StyledHoc e4u1u2g0"
          >
            Building number
          </span>
          
          <input
            class="smallInput e1vcssft0 css-4n7f6s-StyledInput-StyledHoc e4u1u2g0"
            id="buildingNumber"
            name="buildingNumber"
            type="text"
            value="building number"
          />
        </label>
      </div>
    </div>
    <div
      class="css-1lzr9ic-StyledRow e4u1u2g0"
    >
      <div
        class="css-1w80l5h-StyledColumn e4u1u2g0"
      >
        <label
          class="e1vcssft0 e1vcssft0 css-5tg97n-StyledLabel-StyledHoc-StyledHoc e4u1u2g0"
          for="buildingName"
        >
          <span
            class="e1vcssft0 css-3e01s4-StyledLabelText-StyledHoc e4u1u2g0"
          >
            Building name
          </span>
          
          <input
            class="mediumInput e1vcssft0 css-4n7f6s-StyledInput-StyledHoc e4u1u2g0"
            id="buildingName"
            name="buildingName"
            type="text"
            value="LANCASTER HOUSE"
          />
        </label>
      </div>
    </div>
    <div
      class="css-1lzr9ic-StyledRow e4u1u2g0"
    >
      <div
        class="css-1w80l5h-StyledColumn e4u1u2g0"
      >
        <label
          class="e1vcssft0 e1vcssft0 css-5tg97n-StyledLabel-StyledHoc-StyledHoc e4u1u2g0"
          for="streetName"
        >
          <span
            class="e1vcssft0 css-3e01s4-StyledLabelText-StyledHoc e4u1u2g0"
          >
            Street name
          </span>
          
          <input
            class="mediumInput e1vcssft0 css-4n7f6s-StyledInput-StyledHoc e4u1u2g0"
            id="streetName"
            name="streetName"
            type="text"
            value="HAMPSHIRE COURT"
          />
        </label>
      </div>
    </div>
    <div
      class="css-1lzr9ic-StyledRow e4u1u2g0"
    >
      <div
        class="css-1w80l5h-StyledColumn e4u1u2g0"
      >
        <label
          class="e1vcssft0 e1vcssft0 css-5tg97n-StyledLabel-StyledHoc-StyledHoc e4u1u2g0"
          for="townCity"
        >
          <span
            class="e1vcssft0 css-3e01s4-StyledLabelText-StyledHoc e4u1u2g0"
          >
            Town or city
          </span>
          
          <input
            class="mediumInput e1vcssft0 css-4n7f6s-StyledInput-StyledHoc e4u1u2g0"
            id="townCity"
            name="townCity"
            type="text"
            value="NEWCASTLE UPON TYNE"
          />
        </label>
      </div>
    </div>
    <div
      class="css-1lzr9ic-StyledRow e4u1u2g0"
    >
      <div
        class="css-1w80l5h-StyledColumn e4u1u2g0"
      >
        <label
          class="e1vcssft0 e1vcssft0 css-5tg97n-StyledLabel-StyledHoc-StyledHoc e4u1u2g0"
          for="county"
        >
          <span
            class="e1vcssft0 css-3e01s4-StyledLabelText-StyledHoc e4u1u2g0"
          >
            County/state/province
          </span>
          
          <input
            class="mediumInput e1vcssft0 css-4n7f6s-StyledInput-StyledHoc e4u1u2g0"
            id="county"
            name="county"
            type="text"
            value="TYNESIDE"
          />
        </label>
      </div>
    </div>
    <div
      class="css-1lzr9ic-StyledRow e4u1u2g0"
    >
      <div
        class="css-1w80l5h-StyledColumn e4u1u2g0"
      >
        <label
          class="e1vcssft0 e1vcssft0 css-5tg97n-StyledLabel-StyledHoc-StyledHoc e4u1u2g0"
          for="postcode"
        >
          <span
            class="e1vcssft0 css-3e01s4-StyledLabelText-StyledHoc e4u1u2g0"
          >
            Postcode
          </span>
          
          <input
            class="smallInput e1vcssft0 css-4n7f6s-StyledInput-StyledHoc e4u1u2g0"
            id="postcode"
            name="postcode"
            type="text"
            value="NE4 7YH"
          />
        </label>
      </div>
    </div>
    <div
      class="css-1lzr9ic-StyledRow e4u1u2g0"
    >
      <div
        class="css-1w80l5h-StyledColumn e4u1u2g0"
      >
        <label
          class="e1vcssft0 css-137pbp-StyledLabel-StyledHoc e4u1u2g0"
          for="Country"
        >
          Country
          <div
            style="max-width: 23em;"
          >
            <span
              class="e1vcssft0 css-9vo93-StyledError-StyledHoc e4u1u2g0"
            />
            <div
              class="autocomplete__wrapper"
            >
              <div
                style="border: 0px; height: 1px; margin-bottom: -1px; margin-right: -1px; overflow: hidden; padding: 0px; position: absolute; white-space: nowrap; width: 1px;"
              >
                <div
                  aria-atomic="true"
                  aria-live="polite"
                  id="country__status--A"
                  role="status"
                />
                <div
                  aria-atomic="true"
                  aria-live="polite"
                  id="country__status--B"
                  role="status"
                />
              </div>
              
              <input
                aria-activedescendant="false"
                aria-autocomplete="list"
                aria-describedby="country__assistiveHint"
                aria-expanded="false"
                aria-owns="country__listbox"
                autocomplete="off"
                class="autocomplete__input autocomplete__input--default"
                id="country"
                name="country"
                placeholder=""
                role="combobox"
                type="text"
                value="ENGLAND"
              />
              <ul
                class="autocomplete__menu autocomplete__menu--overlay autocomplete__menu--hidden"
                id="country__listbox"
                role="listbox"
              >
                <li
                  aria-posinset="1"
                  aria-selected="false"
                  aria-setsize="1"
                  class="autocomplete__option"
                  id="country__option--0"
                  role="option"
                  tabindex="-1"
                >
                  ENGLAND
                </li>
              </ul>
              <span
                id="country__assistiveHint"
                style="display: none;"
              >
                When autocomplete results are available use up and down arrows to review and enter to select.  Touch device users, explore by touch or with swipe gestures.
              </span>
            </div>
          </div>
        </label>
      </div>
    </div>
    <div
      class="css-1lzr9ic-StyledRow e4u1u2g0"
    >
      <button
        class="css-17uw1q2-StyledButton-StyledHoc e4u1u2g0"
        id="cancel"
        name="cancel"
        type="button"
        value="cancel"
      >
        Cancel
      </button>
      <div
        class="css-1w80l5h-StyledColumn e4u1u2g0"
      >
        <button
          class="button"
          id="submit"
        >
          Continue
        </button>
      </div>
    </div>
  </form>
</div>
`;
