// Jest Snapshot v1, https://goo.gl/fbAQLP

exports[`Back to Progress Link should take a snapshot of the component 1`] = `
<div>
  <a
    href="/create-catch-certificate/GBR-23423-4234234/progress"
    id="backToProgress"
  >
    Back to Your Progress
    <span
      class="govuk-visually-hidden"
    >
      back to your progress page link
    </span>
  </a>
</div>
`;
