// Jest Snapshot v1, https://goo.gl/fbAQLP

exports[`DateFieldWithPicker it should create snap shot for whole page 1`] = `
<div>
  <div
    class="date-field-with-picker"
    id="component-id"
  >
    <div
      class="column-field-picker"
    >
      <div
        class="date-field e1vcssft0 css-vav5a4-StyledContainer-StyledHoc e4u1u2g0"
      >
        <span
          class="e1vcssft0 css-3e01s4-StyledLabelText-StyledHoc e4u1u2g0"
        >
          <span
            class="label-landings-form e1vcssft0 css-3e01s4-StyledLabelText-StyledHoc e4u1u2g0"
            id="date-field-label-text"
          />
        </span>
        <span
          class="e1vcssft0 css-1whl0n4-StyledHint-StyledHoc e4u1u2g0"
        >
          For example, 31 03 1980
        </span>
        <div
          class="css-bw34j1-StyledList e107rt5v2"
        >
          <label
            class="e107rt5v1 css-iwpl6b-StyledLabel-StyledHoc-StyledLabel e4u1u2g0"
          >
            <span
              class="e1vcssft0 css-3e01s4-StyledLabelText-StyledHoc e4u1u2g0"
            >
              Day
            </span>
            <input
              class="css-lktfuz-StyledInput e107rt5v0"
              name="dayInputName"
              type="number"
              value=""
            />
          </label>
          <label
            class="e107rt5v1 css-iwpl6b-StyledLabel-StyledHoc-StyledLabel e4u1u2g0"
          >
            <span
              class="e1vcssft0 css-3e01s4-StyledLabelText-StyledHoc e4u1u2g0"
            >
              Month
            </span>
            <input
              class="css-lktfuz-StyledInput e107rt5v0"
              name="monthInputName"
              type="number"
              value=""
            />
          </label>
          <label
            class="e107rt5v1 css-17bpbza-StyledLabel-StyledHoc-StyledLabel e4u1u2g0"
          >
            <span
              class="e1vcssft0 css-3e01s4-StyledLabelText-StyledHoc e4u1u2g0"
            >
              Year
            </span>
            <input
              class="css-lktfuz-StyledInput e107rt5v0"
              name="yearInputName"
              type="number"
              value=""
            />
          </label>
        </div>
      </div>
      <div
        class="date-picker "
      >
        <button>
          <img
            alt="calendar"
            src="/static/assets/images/calendar.png"
          />
        </button>
      </div>
    </div>
  </div>
</div>
`;
