// Jest Snapshot v1, https://goo.gl/fbAQLP

exports[`ExportDestination should take a snapshot of the whole page 1`] = `
<div>
  <label
    class="e1vcssft0 css-137pbp-StyledLabel-StyledHoc e4u1u2g0"
    for="exportedTo"
  >
    Select the destination country
    <span
      class="e1vcssft0 css-1whl0n4-StyledHint-StyledHoc e4u1u2g0"
    >
      This is the main destination country for the export, not the countries it is passing through. This information will not appear on the final document.
    </span>
    <div
      class="autocomplete__wrapper"
    >
      <div
        style="border: 0px; height: 1px; margin-bottom: -1px; margin-right: -1px; overflow: hidden; padding: 0px; position: absolute; white-space: nowrap; width: 1px;"
      >
        <div
          aria-atomic="true"
          aria-live="polite"
          id="exportedTo__status--A"
          role="status"
        />
        <div
          aria-atomic="true"
          aria-live="polite"
          id="exportedTo__status--B"
          role="status"
        />
      </div>
      
      <input
        aria-activedescendant="false"
        aria-autocomplete="list"
        aria-describedby="exportedTo__assistiveHint"
        aria-expanded="false"
        aria-owns="exportedTo__listbox"
        autocomplete="off"
        class="autocomplete__input autocomplete__input--default"
        id="exportedTo"
        name="exportedTo"
        placeholder=""
        role="combobox"
        type="text"
        value=""
      />
      <ul
        class="autocomplete__menu autocomplete__menu--overlay autocomplete__menu--hidden"
        id="exportedTo__listbox"
        role="listbox"
      />
      <span
        id="exportedTo__assistiveHint"
        style="display: none;"
      >
        When autocomplete results are available use up and down arrows to review and enter to select.  Touch device users, explore by touch or with swipe gestures.
      </span>
    </div>
  </label>
</div>
`;
