// Jest Snapshot v1, https://goo.gl/fbAQLP

exports[`Test Suite - Postcode Look up - Step 2: Select Address should take a snapshot of SelectAddress: PostcodeLookUp: Step 2 1`] = `
<div>
  <div
    class="css-1lzr9ic-StyledRow e4u1u2g0"
  >
    <div
      class="css-1w80l5h-StyledColumn e4u1u2g0"
    >
      <label
        class="heading-small"
      >
        Postcode
      </label>
      <p>
        B20 3RU
        <button
          class="button-dressed-as-link"
          id="selectAddressNavigationPrev"
        >
          Change
        </button>
      </p>
      <span
        class="prop-dropdown state"
      >
        <div
          class="form-group"
        >
          <label
            class="form-label"
            for="selectAddress"
          >
            <span
              class="form-label-bold"
            >
              Select an address
            </span>
            
          </label>
          <select
            class="form-control"
            id="selectAddress"
            name="selectAddress"
          >
            <option
              value=""
            >
              1 address found
            </option>
            <option
              value="MARINE MANAGEMENT ORGANIZATION, LANCASTER HOUSE, HAMPSHIRE COURT, NEWCASTLE UPON TYNE, NE4 7YH"
            >
              MARINE MANAGEMENT ORGANIZATION, LANCASTER HOUSE, HAMPSHIRE COURT, NEWCASTLE UPON TYNE, NE4 7YH
            </option>
          </select>
        </div>
      </span>
    </div>
  </div>
  <div
    class="css-1lzr9ic-StyledRow e4u1u2g0"
  >
    <button
      class="css-17uw1q2-StyledButton-StyledHoc e4u1u2g0"
      id="cancelSelectAddress"
      name="cancelSelectAddress"
      value="cancel"
    >
      Cancel
    </button>
    <button
      class="css-1gc9650-StyledButton-StyledHoc e4u1u2g0"
      id="continueSelectAddress"
      label="Continue"
      name="continueSelectAddress"
    >
      Continue
    </button>
  </div>
  <div
    class="css-1lzr9ic-StyledRow e4u1u2g0"
  >
    <div
      class="css-1w80l5h-StyledColumn e4u1u2g0"
    >
      <p>
        <button
          class="button-dressed-as-link"
          id="selectAddressNavigationSkip"
        >
          I can not find the address in the list
        </button>
      </p>
    </div>
  </div>
</div>
`;
