// Jest Snapshot v1, https://goo.gl/fbAQLP

exports[`SpeciesFavourites should generate snapshot for the Plane Details page 1`] = `
<div>
  <div
    class="adding-species"
    id="0"
  >
    <div
      class="properties-group input-species-block"
    >
      <label
        class="e1vcssft0 css-137pbp-StyledLabel-StyledHoc e4u1u2g0"
        for="product"
        id="label-product"
      >
        <div
          id="favouritesLabel"
        >
          Product
        </div>
        <div
          class="autocomplete__wrapper"
        >
          <div
            style="border: 0px; height: 1px; margin-bottom: -1px; margin-right: -1px; overflow: hidden; padding: 0px; position: absolute; white-space: nowrap; width: 1px;"
          >
            <div
              aria-atomic="true"
              aria-live="polite"
              id="product__status--A"
              role="status"
            />
            <div
              aria-atomic="true"
              aria-live="polite"
              id="product__status--B"
              role="status"
            />
          </div>
          
          <input
            aria-activedescendant="false"
            aria-autocomplete="list"
            aria-describedby="product__assistiveHint"
            aria-expanded="false"
            aria-owns="product__listbox"
            autocomplete="off"
            class="autocomplete__input autocomplete__input--default"
            id="product"
            name="product"
            placeholder=""
            role="combobox"
            type="text"
            value=""
          />
          <ul
            class="autocomplete__menu autocomplete__menu--overlay autocomplete__menu--hidden"
            id="product__listbox"
            role="listbox"
          />
          <span
            id="product__assistiveHint"
            style="display: none;"
          >
            When autocomplete results are available use up and down arrows to review and enter to select.  Touch device users, explore by touch or with swipe gestures.
          </span>
        </div>
      </label>
    </div>
    <a
      href="/manage-favourites"
      id="manageYourProductFavourites"
    >
      Manage your product favourites
    </a>
    <div
      class="css-1w80l5h-StyledColumn e4u1u2g0"
    >
      <button
        class="button"
        id="submit"
        name="submit"
        style="margin-left: -0.8em; margin-top: 1.5em;"
      >
        Add Product
      </button>
    </div>
  </div>
</div>
`;
