// Jest Snapshot v1, https://goo.gl/fbAQLP

exports[`Export complete page initial load should take a snapshot of the page 1`] = `
<div>
  <div
    class="dashboard css-1l99ixu-OuterContainer e4u1u2g0"
  >
    <div
      class="css-n57fe4-InnerContainer e4u1u2g1"
    >
      <div
        class="css-1lzr9ic-StyledRow e4u1u2g0"
      >
        <div
          class="css-1w80l5h-StyledColumn e4u1u2g0"
        >
          <div
            class="submitted-certificate-bg e1vcssft0 css-1y5yjt5-StyledPanel-StyledHoc e4u1u2g0"
          >
            <h2
              class="css-em1gqr-StyledTitle e4u1u2g1"
            >
              The catch certificate has been created
            </h2>
            <div
              class="css-1l9w67v-StyledBody e4u1u2g2"
            >
              Catch certificate number
              <br />
              <strong
                id="documentNumber"
              >
                not found
              </strong>
            </div>
          </div>
        </div>
      </div>
      <div
        class="css-1lzr9ic-StyledRow e4u1u2g0"
      >
        <div
          class="css-1w80l5h-StyledColumn e4u1u2g0"
        >
          <h2
            class="e1vcssft0 css-1wlsbnr-StyledHeader-StyledHoc e4u1u2g0"
          >
            What you need to do next
          </h2>
          <div>
            <ol
              class="list list-number"
            >
              <li>
                <strong>
                  <a
                    href="/pdf/export-certificates/not found"
                    rel="noopener noreferrer"
                  >
                    Download the catch certificate
                  </a>
                  . 
                </strong>
                Do not amend the certificate. Please note:
                <ul
                  class="list list-bullet"
                >
                  <li>
                    if you are using Firefox as an internet browser, please ensure JavaScript is enabled in order to view and download the certificate
                  </li>
                  <li>
                    if you are using a mobile device, please ensure you have installed a PDF viewer
                  </li>
                </ul>
              </li>
              <li>
                <strong>
                  Email the catch certificate to the importer.
                   
                </strong>
                It is the importer's responsibility to submit it to the import control authority where your export will enter the EU. The importing authority will complete and sign their section of the document at the Border Inspection Post (BIP).
              </li>
            </ol>
            <p>
              <a
                href="/create-catch-certificate/catch-certificates"
              >
                View completed catch certificates or create a new export document
              </a>
            </p>
            <div
              class="css-1lzr9ic-StyledRow e4u1u2g0"
            >
              <div
                class="css-1w80l5h-StyledColumn e4u1u2g0"
              >
                <hr
                  class="help-link"
                />
                <h2
                  class="e1vcssft0 css-162lx7h-StyledHeader-StyledHoc e4u1u2g0"
                >
                  Need help?
                </h2>
                <a
                  href="undefined"
                  rel="noopener noreferrer"
                  target="_blank"
                >
                  Get help exporting fish from the UK (gov.uk)
                   
                  <span
                    class="govuk-visually-hidden"
                  >
                    (opens in new tab)
                  </span>
                </a>
              </div>
            </div>
          </div>
        </div>
      </div>
    </div>
  </div>
</div>
`;
