// Jest Snapshot v1, https://goo.gl/fbAQLP

exports[`snapshots describe should take a snapshot of the whole page 1`] = `
<div>
  <div
    class="css-1l99ixu-OuterContainer e4u1u2g0"
  >
    <div
      class="css-n57fe4-InnerContainer e4u1u2g1"
    >
      <div
        class="css-1lzr9ic-StyledRow e4u1u2g0"
      >
        <div
          class="css-n58wva-StyledColumn e4u1u2g0"
        >
          <a
            class="e1vcssft0 css-zk98nb-Anchor-StyledHoc e4u1u2g0"
            href="/create-catch-certificate/GBR-2021-CC-D6FBF748C/copy-this-catch-certificate"
          >
            Back
          </a>
        </div>
      </div>
      <form
        action="/orchestration/api/v1/confirm-copy-certificate?c=/create-catch-certificate/undefined/copy-void-confirmation"
        method="POST"
      >
        <div
          class="css-1lzr9ic-StyledRow e4u1u2g0"
        >
          <div
            class="css-1w80l5h-StyledColumn e4u1u2g0"
            style="width: 75%;"
          >
            <div
              class="css-1lzr9ic-StyledRow e4u1u2g0"
            >
              <div
                class="css-1w80l5h-StyledColumn e4u1u2g0"
                style="width: 75%;"
              >
                <h1
                  class="e1vcssft0 css-11nzzut-StyledHeader-StyledHoc e4u1u2g0"
                  style="margin-bottom: 0px;"
                >
                  <legend>
                    Are you sure you want to void the original catch certificate?
                  </legend>
                </h1>
              </div>
            </div>
            <div
              class="e1vcssft0 css-1phgi8s-StyledFieldset-StyledHoc e4u1u2g0"
              id="voidOriginal"
            >
              <span
                class="e1vcssft0 css-3e01s4-StyledLabelText-StyledHoc e4u1u2g0"
              />
              
              <fieldset
                class="govuk-fieldset"
              >
                <label
                  class="css-sdrcg6-StyledHoc"
                  for="documentVoidOriginalYes"
                  id="label-documentVoidOriginalYes"
                >
                  <input
                    class="css-1xt3i3l"
                    id="documentVoidOriginalYes"
                    name="voidOriginal"
                    type="radio"
                    value="true"
                  />
                  <span
                    class="css-1uwxoxa"
                  >
                    Yes, create a copy of the catch certificate then void the original
                  </span>
                </label>
                <label
                  class="css-sdrcg6-StyledHoc"
                  for="documentVoidOriginalNo"
                  id="label-documentVoidOriginalNo"
                >
                  <input
                    class="css-1xt3i3l"
                    id="documentVoidOriginalNo"
                    name="voidOriginal"
                    type="radio"
                    value="false"
                  />
                  <span
                    class="css-1uwxoxa"
                  >
                    No, create a copy of the catch certificate only
                  </span>
                </label>
              </fieldset>
            </div>
          </div>
        </div>
        <div
          class="css-1lzr9ic-StyledRow e4u1u2g0"
        >
          <div
            class="css-n58wva-StyledColumn e4u1u2g0"
          >
            <button
              class="css-17uw1q2-StyledButton-StyledHoc e4u1u2g0"
              id="cancel-confirm-copy-void-btn"
              name="cancel-confirm-copy-void-btn"
            >
              Cancel
              <span
                class="govuk-visually-hidden"
              >
                Cancel
              </span>
            </button>
            <button
              class="css-1gc9650-StyledButton-StyledHoc e4u1u2g0"
              id="continue"
              type="submit"
            >
              Continue
            </button>
          </div>
        </div>
      </form>
      <div
        class="css-1lzr9ic-StyledRow e4u1u2g0"
      >
        <div
          class="css-1w80l5h-StyledColumn e4u1u2g0"
        >
          <hr
            class="help-link"
          />
          <h2
            class="e1vcssft0 css-162lx7h-StyledHeader-StyledHoc e4u1u2g0"
          >
            Need help?
          </h2>
          <a
            href="undefined"
            rel="noopener noreferrer"
            target="_blank"
          >
            Get help exporting fish from the UK (gov.uk)
             
            <span
              class="govuk-visually-hidden"
            >
              (opens in new tab)
            </span>
          </a>
        </div>
      </div>
    </div>
  </div>
</div>
`;
