// Jest Snapshot v1, https://goo.gl/fbAQLP

exports[`Cookie Policy page in English or welsh should take the snapshot of the page in English 1`] = `
<div>
  <div
    class="css-1l99ixu-OuterContainer e4u1u2g0"
  >
    <div
      class="css-n57fe4-InnerContainer e4u1u2g1"
    >
      <div
        class="css-1lzr9ic-StyledRow e4u1u2g0"
      />
      <div
        class="css-1lzr9ic-StyledRow e4u1u2g0"
      >
        <div
          class="css-1w80l5h-StyledColumn e4u1u2g0"
        >
          <h1
            class="e1vcssft0 css-11nzzut-StyledHeader-StyledHoc e4u1u2g0"
            data-testid="cookies_policy_header"
          >
            Cookies Policy
          </h1>
          <p>
            Cookies are small text files that are placed on your phone, tablet or computer by websites that you visit. They are widely used in order to make websites work, or work more efficiently, as well as to provide information to the owners of the site.
          </p>
          <p>
            The Fish Exports service uses cookies to store information about how you use our website, such as the pages you visit. The information below explains the cookies we use and why; e.g. Cookie Preferences and Google Analytics etc.
          </p>
          <br />
          <h2
            class="e1vcssft0 css-1wlsbnr-StyledHeader-StyledHoc e4u1u2g0"
            data-testid="cookie_preference_header"
          >
            Cookie Preferences
          </h2>
          <p>
            This cookie is used to remember your choice about cookies. Where you have previously indicated a preference, your preference will be stored in this cookie.
          </p>
          <br />
          <h2
            class="e1vcssft0 css-1wlsbnr-StyledHeader-StyledHoc e4u1u2g0"
            data-testid="google_analytics_header"
          >
            Google Analytics
          </h2>
          <p>
            These cookies are used to collect information about how you use our website. We use the information to compile reports and to help us improve the website. The cookies collect information such as the number of visitors to the website, where visitors have come to the website from and the pages they visited. This information does not identify anyone.
          </p>
          <p>
            We do not allow Google to use or share the data about how you use this site.
          </p>
          <p>
            Google Analytics sets cookies that store anonymised information about:
          </p>
          <ul
            class="ul e1vcssft0 css-t0nsp0-StyledList-StyledHoc e4u1u2g0"
          >
            <li
              class="e1vcssft0 css-h9lpae-StyledListItem-StyledHoc e4u1u2g0"
            >
              how you got to the site
            </li>
            <li
              class="e1vcssft0 css-h9lpae-StyledListItem-StyledHoc e4u1u2g0"
            >
              the pages you visit on The Fish Exports services, and how long you spend on each page
            </li>
            <li
              class="e1vcssft0 css-h9lpae-StyledListItem-StyledHoc e4u1u2g0"
            >
              how many documents and/or certificates are created
            </li>
            <li
              class="e1vcssft0 css-h9lpae-StyledListItem-StyledHoc e4u1u2g0"
            >
              how you use the service so we can improve it
            </li>
            <li
              class="e1vcssft0 css-h9lpae-StyledListItem-StyledHoc e4u1u2g0"
            >
              how we measure the performance of the digital service and track user journeys
            </li>
          </ul>
          <br />
          <p>
            Google is not allowed to use or share our analytics data, and you can opt out of Google Analytics  
            <a
              data-testid="here__link"
              href="https://tools.google.com/dlpage/gaoptout"
              rel="noopener noreferrer"
            >
              Here
            </a>
          </p>
          <br />
          <h2
            class="e1vcssft0 css-1wlsbnr-StyledHeader-StyledHoc e4u1u2g0"
            data-testid="introductory_cookie_message_header"
          >
            Introductory Cookie Message
          </h2>
          <p>
            When you first use the service we show a ‘cookie message’. We then store a cookie on your phone, tablet or computer so it knows not to show this message again. This cookie will expire after one month, which means you’ll be asked the same question after this time.
          </p>
          <br />
          <h2
            class="e1vcssft0 css-1wlsbnr-StyledHeader-StyledHoc e4u1u2g0"
            data-testid="cookies_that_remember_your_settings_header"
          >
            Cookies that remember your settings
          </h2>
          <p>
            These cookies remember your preferences and the choices you make, to personalise your experience when using the site.
          </p>
          <br />
          <h2
            class="e1vcssft0 css-1wlsbnr-StyledHeader-StyledHoc e4u1u2g0"
            data-testid="essential_cookies_header"
          >
            Essential Cookies and Cookies you can choose
          </h2>
          <p>
            Different types of cookies do different jobs on our website. Some are needed to make the website work. We need your consent to use other cookies that are not essential. You can change your choices at any time. Just click the 'Cookies' link at the end of any page.
          </p>
          <br />
          <h2
            class="e1vcssft0 css-1wlsbnr-StyledHeader-StyledHoc e4u1u2g0"
            data-testid="strictly_necessary_cookies_header"
          >
            Strictly Necessary Cookies
          </h2>
          <p>
            These essential cookies remember your progress through a form, for example a licence application, and always need to be on.
          </p>
          <p>
            If you are a customer, they help us know who you are so that you can sign in and manage your account. They also help us keep your details safe and private.
          </p>
          <p>
            Other important jobs they do are:
          </p>
          <ul
            class="ul e1vcssft0 css-t0nsp0-StyledList-StyledHoc e4u1u2g0"
          >
            <li
              class="e1vcssft0 css-h9lpae-StyledListItem-StyledHoc e4u1u2g0"
            >
              Help you move around the site
            </li>
            <li
              class="e1vcssft0 css-h9lpae-StyledListItem-StyledHoc e4u1u2g0"
            >
              Tell us if you’ve been to it before and which pages you went to
            </li>
            <li
              class="e1vcssft0 css-h9lpae-StyledListItem-StyledHoc e4u1u2g0"
            >
              Tell us how the site is working, so that we can find and fix any problems.
            </li>
          </ul>
          <br />
          <h2
            class="e1vcssft0 css-1wlsbnr-StyledHeader-StyledHoc e4u1u2g0"
            data-testid="functional_cookies_header"
          >
            Functional Cookies
          </h2>
          <p>
            These cookies always need to be on and are used for remembering things like:
          </p>
          <ul
            class="ul e1vcssft0 css-t0nsp0-StyledList-StyledHoc e4u1u2g0"
          >
            <li
              class="e1vcssft0 css-h9lpae-StyledListItem-StyledHoc e4u1u2g0"
            >
              Your username and password on the page where you sign in
            </li>
          </ul>
          <br />
          <h2
            class="e1vcssft0 css-1wlsbnr-StyledHeader-StyledHoc e4u1u2g0"
            data-testid="session_cookie_header"
          >
            Session cookie
          </h2>
          <p>
            We store session cookies on your phone, tablet or computer to help keep your information secure while you use the service. These cookies are automatically removed after 15 minutes following no activity or when you close your web browser.
          </p>
          <br />
          <h2
            class="e1vcssft0 css-1wlsbnr-StyledHeader-StyledHoc e4u1u2g0"
            data-testid="change_cookie_settings_header"
          >
            Change your cookie settings
          </h2>
          <br />
          <h4
            class="e1vcssft0 css-1wlsbnr-StyledHeader-StyledHoc e4u1u2g0"
            data-testid="do_You_want_accept_analytics_cookies_header"
          >
            Do you want to accept the analytics cookies?
          </h4>
          <div
            id="radioButtons"
          >
            <fieldset
              class="govuk-fieldset"
            >
              <label
                class="css-sdrcg6-StyledHoc"
                for="cookieAnalyticsAccept"
                id="label-cookieAnalyticsAccept"
              >
                <input
                  class="css-1xt3i3l"
                  data-testid="cookieAnalyticsAccept"
                  id="cookieAnalyticsAccept"
                  name="cookieAnalyticsAccept"
                  type="radio"
                  value="Yes"
                />
                <span
                  class="css-1uwxoxa"
                >
                  Yes
                </span>
              </label>
              <label
                class="css-sdrcg6-StyledHoc"
                for="cookieAnalyticsReject"
                id="label-cookieAnalyticsReject"
              >
                <input
                  checked=""
                  class="css-1xt3i3l"
                  data-testid="cookieAnalyticsReject"
                  id="cookieAnalyticsReject"
                  name="cookieAnalyticsReject"
                  type="radio"
                  value="No"
                />
                <span
                  class="css-1uwxoxa"
                >
                  No
                </span>
              </label>
            </fieldset>
          </div>
        </div>
      </div>
      <div
        class="css-1lzr9ic-StyledRow e4u1u2g0"
      >
        <div
          class="css-1w80l5h-StyledColumn e4u1u2g0"
        >
          <button
            class="button"
            data-testid="saveCookieSettings"
            id="saveCookieSettings"
            type="button"
          >
            Save cookie settings
          </button>
        </div>
      </div>
    </div>
  </div>
</div>
`;
