// Jest Snapshot v1, https://goo.gl/fbAQLP

exports[`snapshots describe should take a snapshot of the whole page 1`] = `
<div>
  <div
    class="css-1l99ixu-OuterContainer e4u1u2g0"
  >
    <div
      class="css-n57fe4-InnerContainer e4u1u2g1"
    >
      <div
        class="css-1lzr9ic-StyledRow e4u1u2g0"
      >
        <div
          class="css-n58wva-StyledColumn e4u1u2g0"
        >
          <a
            class="e1vcssft0 css-zk98nb-Anchor-StyledHoc e4u1u2g0"
            href="/create-catch-certificate/catch-certificates"
          >
            Back
          </a>
        </div>
      </div>
      <form
        action="/orchestration/api/v1/confirm-copy-certificate?c=/create-catch-certificate/undefined/copy-this-catch-certificate"
        method="POST"
      >
        <div
          class="css-1lzr9ic-StyledRow e4u1u2g0"
        >
          <div
            class="css-1w80l5h-StyledColumn e4u1u2g0"
          >
            <h1
              class="e1vcssft0 css-11nzzut-StyledHeader-StyledHoc e4u1u2g0"
            >
              Copy undefined
            </h1>
            <div
              class="e1vcssft0 css-1phgi8s-StyledFieldset-StyledHoc e4u1u2g0"
              id="voidOriginal"
            >
              <span
                class="e1vcssft0 css-3e01s4-StyledLabelText-StyledHoc e4u1u2g0"
              />
              
              <fieldset>
                <label
                  class="css-sdrcg6-StyledHoc"
                  for="copyAllCertificateData"
                  id="label-copyAllCertificateData"
                >
                  <input
                    class="css-1xt3i3l"
                    id="copyAllCertificateData"
                    name="copyDocument"
                    type="radio"
                    value="copyAllCertificateData"
                  />
                  <span
                    class="css-1uwxoxa"
                  >
                    Copy all certificate data
                  </span>
                  <span
                    class="css-hs8umk-StyledHint-StyledHoc e4u1u2g0"
                  >
                    Enables you to quickly create a new draft catch certificate from a previously submitted document with similar data
                  </span>
                </label>
                <label
                  class="css-sdrcg6-StyledHoc"
                  for="copyExcludeLandings"
                  id="label-copyExcludeLandings"
                >
                  <input
                    class="css-1xt3i3l"
                    id="copyExcludeLandings"
                    name="copyDocument"
                    type="radio"
                    value="copyExcludeLandings"
                  />
                  <span
                    class="css-1uwxoxa"
                  >
                    Copy all certificate data EXCEPT the landings
                  </span>
                  <span
                    class="css-hs8umk-StyledHint-StyledHoc e4u1u2g0"
                  >
                    Enables you to quickly create a new draft catch certificate from a previously submitted document with similar data, but exclude the landings in the copy
                  </span>
                </label>
                <label
                  class="css-sdrcg6-StyledHoc"
                  for="voidDocumentConfirm"
                  id="label-voidDocumentConfirm"
                >
                  <input
                    class="css-1xt3i3l"
                    id="voidDocumentConfirm"
                    name="copyDocument"
                    type="radio"
                    value="voidDocumentConfirm"
                  />
                  <span
                    class="css-1uwxoxa"
                  >
                    Copy all certificate data AND void the original
                  </span>
                  <span
                    class="css-hs8umk-StyledHint-StyledHoc e4u1u2g0"
                  >
                    Allows you correct errors in a submitted document by copying and replacing it
                  </span>
                </label>
              </fieldset>
            </div>
          </div>
        </div>
        <div
          class="css-1lzr9ic-StyledRow e4u1u2g0"
          id="warningMessageRow"
        >
          <div
            class="css-1w80l5h-StyledColumn e4u1u2g0"
          >
            <h2
              class="e1vcssft0 css-162lx7h-StyledHeader-StyledHoc e4u1u2g0"
            >
              Acknowledgement
            </h2>
            <div
              class="warning-message e1vcssft0 css-jxvtpr-StyledWarningText-StyledHoc e4u1u2g0"
              id="warningMessage"
            >
              <div
                class="css-96kz36-IconImportantWrapper e4u1u2g1"
              >
                <svg
                  fill="currentColor"
                  height="100%"
                  preserveAspectRatio="xMidYMid meet"
                  style="display: block;"
                  version="1.1"
                  viewBox="0 0 35.000000 35.000000"
                  width="100%"
                >
                  <title>
                    icon important
                  </title>
                  <g
                    transform="translate(0.000000,35.000000) scale(0.100000,-0.100000)"
                  >
                    <path
                      d="M100 332 c-87 -48 -125 -155 -82 -232 48 -87 155 -125 232 -82 87 48
125 155 82 232 -48 87 -155 125 -232 82z m100 -122 c0 -53 -2 -60 -20 -60 -18
0 -20 7 -20 60 0 53 2 60 20 60 18 0 20 -7 20 -60z m0 -111 c0 -12 -7 -19 -20
-19 -19 0 -28 28 -14 43 11 11 34 -5 34 -24z"
                    />
                  </g>
                </svg>
              </div>
              <strong
                class="css-jegmsb-WarningTextWrapper e4u1u2g2"
              >
                You must not use a catch certificate or landing data for catches that have already been exported. Knowingly reusing catch certificates or using landing data that relate to a previous export is a serious offence and may result in enforcement action being taken.
              </strong>
            </div>
          </div>
        </div>
        <div
          class="css-1lzr9ic-StyledRow e4u1u2g0"
        >
          <div
            class="css-1w80l5h-StyledColumn e4u1u2g0"
          >
            <div
              class="e1vcssft0 css-1phgi8s-StyledFieldset-StyledHoc e4u1u2g0"
              id="copyCertificate"
            >
              <span
                class="e1vcssft0 css-3e01s4-StyledLabelText-StyledHoc e4u1u2g0"
              />
              
              <fieldset>
                <label
                  class="e1vcssft0 css-mpbcqr-StyledHoc"
                  for="copyDocumentAcknowledged"
                  id="label-copyDocumentAcknowledged"
                >
                  <input
                    class="css-17ieumk"
                    id="copyDocumentAcknowledged"
                    name="copyDocumentAcknowledged"
                    type="checkbox"
                    value="false"
                  />
                  <span
                    class="css-1ogj8nh"
                  >
                    I understand I must not reuse the same catch certificate or landing data for catches that have already been exported
                  </span>
                </label>
              </fieldset>
            </div>
          </div>
        </div>
        <div
          class="css-1lzr9ic-StyledRow e4u1u2g0"
        >
          <button
            class="css-17uw1q2-StyledButton-StyledHoc e4u1u2g0"
            id="cancel-copy-certificate-confirm-btn"
            name="cancel-copy-certificate-confirm-btn"
          >
            Cancel
            <span
              class="govuk-visually-hidden"
            >
              Cancel
            </span>
          </button>
          <button
            class="css-1gc9650-StyledButton-StyledHoc e4u1u2g0"
            id="continue"
            name="continue"
            type="submit"
          >
            Create draft catch certificate
          </button>
        </div>
        <input
          name="journey"
          type="hidden"
          value="catchCertificate"
        />
        <input
          name="currentUri"
          type="hidden"
          value="/create-catch-certificate/undefined/copy-this-catch-certificate"
        />
        <input
          name="nextUri"
          type="hidden"
          value="/create-catch-certificate/:documentNumber/add-your-reference"
        />
        <input
          name="previousUri"
          type="hidden"
          value="/create-catch-certificate/catch-certificates"
        />
      </form>
      <div
        class="css-1lzr9ic-StyledRow e4u1u2g0"
      >
        <div
          class="css-1w80l5h-StyledColumn e4u1u2g0"
        >
          <hr
            class="help-link"
          />
          <h2
            class="e1vcssft0 css-162lx7h-StyledHeader-StyledHoc e4u1u2g0"
          >
            Need help?
          </h2>
          <a
            href="undefined"
            rel="noopener noreferrer"
            target="_blank"
          >
            Get help exporting fish from the UK (gov.uk)
             
            <span
              class="govuk-visually-hidden"
            >
              (opens in new tab)
            </span>
          </a>
        </div>
      </div>
    </div>
  </div>
</div>
`;
