// Jest Snapshot v1, https://goo.gl/fbAQLP

exports[`Forbidden Error Page - Silverline WAF violation should take a snapshot of the whole page 1`] = `
<div>
  <div
    class="column-two-thirds"
  >
    <h1
      class="heading-large"
    >
      Sorry, the requested URL was rejected
    </h1>
    <p
      data-testid="try-again"
    >
      Please try again later
    </p>
    <p
      data-testid="support-id"
    >
      Transaction Support ID:
       
      123456789
    </p>
    <p
      data-testid="contact-fes"
    >
      If you need further support, contact the Fish Exports Service helpline:
    </p>
    <h2
      class="heading-large"
      data-testid="subheading-fes"
    >
      Fish Exports Service
    </h2>
    <p
      data-testid="tel-number"
    >
      Telephone
      : 0330 159 1989
    </p>
    <p
      data-testid="opening-hours"
    >
      Monday to Friday 7:00 to 20:00 (except public holidays)
    </p>
  </div>
</div>
`;

exports[`Forbidden Error Page - unauthorised 403 should take a snapshot of the whole page 1`] = `
<div>
  <div
    class="column-two-thirds"
  >
    <h1
      class="heading-large"
    >
      Forbidden
    </h1>
    <p
      data-testid="no-permission"
    >
      You do not have permission to carry out this action.
    </p>
    <p
      data-testid="navigate-back"
    >
      Navigate back in your browser to return.
    </p>
  </div>
</div>
`;
