// Jest Snapshot v1, https://goo.gl/fbAQLP

exports[`Home Page should create snapshot for whole page 1`] = `
<div>
  <div
    class="css-1l99ixu-OuterContainer e4u1u2g0"
  >
    <div
      class="css-n57fe4-InnerContainer e4u1u2g1"
    >
      <h1
        class="e1vcssft0 css-11nzzut-StyledHeader-StyledHoc e4u1u2g0"
      >
        What do you want to do?
      </h1>
      <form
        action="/orchestration/api/v1/home/saveAndValidate?c=/"
        method="POST"
      >
        <div
          id="radioButtons"
        >
          <fieldset
            class="govuk-fieldset"
          >
            <legend
              class="visually-hidden"
            >
              What do you want to do?
            </legend>
            <label
              class="css-sdrcg6-StyledHoc"
              for="createCatchCertificate"
              id="label-createCatchCertificate"
            >
              <input
                checked=""
                class="css-1xt3i3l"
                id="createCatchCertificate"
                name="journeySelection"
                type="radio"
                value="/create-catch-certificate/catch-certificates"
              />
              <span
                class="css-1uwxoxa"
              >
                Create a UK catch certificate
                 
                (Including links to direct landing documents)
              </span>
            </label>
            <label
              class="css-sdrcg6-StyledHoc"
              for="createProcessingStatement"
              id="label-createProcessingStatement"
            >
              <input
                class="css-1xt3i3l"
                id="createProcessingStatement"
                name="journeySelection"
                type="radio"
                value="/create-processing-statement/processing-statements"
              />
              <span
                class="css-1uwxoxa"
              >
                Create a UK processing statement
              </span>
            </label>
            <label
              class="css-sdrcg6-StyledHoc"
              for="createStorageDocument"
              id="label-createStorageDocument"
            >
              <input
                class="css-1xt3i3l"
                id="createStorageDocument"
                name="journeySelection"
                type="radio"
                value="/create-storage-document/storage-documents"
              />
              <span
                class="css-1uwxoxa"
              >
                Create a UK storage document
              </span>
            </label>
          </fieldset>
        </div>
        <br />
        <button
          class="e1vcssft0 css-1enchvi-StyledButton-StyledHoc e4u1u2g0"
          id="continue"
          name="continue"
          type="submit"
        >
          Continue
        </button>
      </form>
    </div>
  </div>
</div>
`;
