// Jest Snapshot v1, https://goo.gl/fbAQLP

exports[`Pending page should take snapshot for the whole page 1`] = `
<div>
  <div
    class="css-1l99ixu-OuterContainer e4u1u2g0"
  >
    <div
      class="css-n57fe4-InnerContainer e4u1u2g1"
    >
      <div
        class="css-1lzr9ic-StyledRow e4u1u2g0"
      >
        <div
          class="css-1w80l5h-StyledColumn e4u1u2g0"
        >
          <div
            class="pending-page-panel e1vcssft0 css-1y5yjt5-StyledPanel-StyledHoc e4u1u2g0"
            data-testid="pending-page-panel"
          >
            <h2
              class="css-em1gqr-StyledTitle e4u1u2g1"
            >
              The catch certificate is being processed
            </h2>
            <div
              class="css-1l9w67v-StyledBody e4u1u2g2"
            >
              Catch certificate number
              <br />
              <strong
                data-testid="pending-documentNumber"
                id="documentNumber"
              >
                GBR-2020-CC-89118C4DC
              </strong>
            </div>
          </div>
        </div>
      </div>
      <div
        class="css-1lzr9ic-StyledRow e4u1u2g0"
      >
        <div
          class="css-1w80l5h-StyledColumn e4u1u2g0"
        >
          <h2
            class="e1vcssft0 css-1wlsbnr-StyledHeader-StyledHoc e4u1u2g0"
            data-testid="What-you-need-to-do-next"
          >
            What you need to do next
          </h2>
          <div>
            <p
              data-testid="offlineValidationMessage"
            >
              Your catch certificate submission is being processed. You can check its progress on your exporter dashboard. Processing should take no more than 30 minutes. If it takes significantly longer, please contact support on 0330 159 1989.
              <br />
              <br />
              Once processing is complete, your submission will appear on your dashboard as either a successfully completed catch certificate or a draft document that has failed validation.
            </p>
          </div>
          <h3
            class="e1vcssft0 css-l3100a-StyledHeader-StyledHoc e4u1u2g0"
            data-testid="Successfully-completed-catch-certificates"
          >
            Successfully completed catch certificates
          </h3>
          <ol
            class="e1vcssft0 css-1uxjyg8-StyledList-StyledHoc e4u1u2g0"
          >
            <li
              class="e1vcssft0 css-h9lpae-StyledListItem-StyledHoc e4u1u2g0"
            >
              <strong>
                Find the document in the ‘Completed’ list on your exporter dashboard.
              </strong>
            </li>
            <li
              class="e1vcssft0 css-h9lpae-StyledListItem-StyledHoc e4u1u2g0"
            >
              <strong>
                Download the catch certificate by selecting ‘View’.
              </strong>
              Do not amend the document. Please note:
              <ul
                class="ul e1vcssft0 css-t0nsp0-StyledList-StyledHoc e4u1u2g0"
              >
                <li
                  class="e1vcssft0 css-h9lpae-StyledListItem-StyledHoc e4u1u2g0"
                >
                  if you are using Firefox as an internet browser, please ensure JavaScript is enabled in order to view and download the certificate
                </li>
                <li
                  class="e1vcssft0 css-h9lpae-StyledListItem-StyledHoc e4u1u2g0"
                >
                  if you are using a mobile device, please ensure you have installed a PDF viewer
                </li>
              </ul>
            </li>
            <li
              class="e1vcssft0 css-h9lpae-StyledListItem-StyledHoc e4u1u2g0"
            >
              <strong>
                Email the catch certificate to the importer.
              </strong>
              It is the importers responsibility to submit the document to the import control authority where your export will enter the EU. The importing authority will complete and sign their section of the document at the Border Inspection Post (BIP).
            </li>
          </ol>
          <br />
          <h3
            class="e1vcssft0 css-l3100a-StyledHeader-StyledHoc e4u1u2g0"
            data-testid="Submissions-that-fail-validation"
          >
            Submissions that fail validation
          </h3>
          <ol
            class="e1vcssft0 css-1uxjyg8-StyledList-StyledHoc e4u1u2g0"
          >
            <li
              class="e1vcssft0 css-h9lpae-StyledListItem-StyledHoc e4u1u2g0"
            >
              <strong>
                Find the document (labelled ‘Failed’) in the ‘In progress’ list on your exporter dashboard.
              </strong>
            </li>
            <li
              class="e1vcssft0 css-h9lpae-StyledListItem-StyledHoc e4u1u2g0"
            >
              <strong>
                View the validation failure reasons by selecting ‘Continue’.
              </strong>
            </li>
            <li
              class="e1vcssft0 css-h9lpae-StyledListItem-StyledHoc e4u1u2g0"
            >
              <strong>
                Use the error messages and guidance to help amend the document and/or to re-submit.
              </strong>
            </li>
          </ol>
          <br />
          <p>
            Please continue to your dashboard and refresh regularly to check for updates.
          </p>
          <a
            data-testid="return-to-your-dashboard-link"
            href="/create-catch-certificate/catch-certificates"
          >
            Return to your exporter dashboard
          </a>
        </div>
      </div>
      <div
        class="css-1lzr9ic-StyledRow e4u1u2g0"
      >
        <div
          class="css-1w80l5h-StyledColumn e4u1u2g0"
        >
          <hr
            class="help-link"
          />
          <h2
            class="e1vcssft0 css-162lx7h-StyledHeader-StyledHoc e4u1u2g0"
          >
            Need help?
          </h2>
          <a
            href="undefined"
            rel="noopener noreferrer"
            target="_blank"
          >
            Get help exporting fish from the UK (gov.uk)
             
            <span
              class="govuk-visually-hidden"
            >
              (opens in new tab)
            </span>
          </a>
        </div>
      </div>
    </div>
  </div>
</div>
`;
