// Jest Snapshot v1, https://goo.gl/fbAQLP

exports[`Privacy page when user has not Accepted privacy should take the snapshot of the page in English 1`] = `
<div>
  <div
    class="css-1l99ixu-OuterContainer e4u1u2g0"
  >
    <div
      class="css-n57fe4-InnerContainer e4u1u2g1"
    >
      <div
        class="css-1lzr9ic-StyledRow e4u1u2g0"
      >
        <div
          class="css-1w80l5h-StyledColumn e4u1u2g0"
        >
          <h1
            class="e1vcssft0 css-11nzzut-StyledHeader-StyledHoc e4u1u2g0"
          >
            Privacy notice
          </h1>
          <p>
            Your privacy is extremely important to us. This notice explains what personal information we have, how we use it and how you can check and update any of your personal information. For the purposes of this Privacy Notice, “we” means Department for Environment, Food and Rural Affairs (Defra) and other government agencies in the group.
          </p>
          <p>
             
          </p>
          <h2
            class="e1vcssft0 css-162lx7h-StyledHeader-StyledHoc e4u1u2g0"
          >
            Why We Collect Your Personal Information
          </h2>
          <p>
            We collect your personal information so you can be issued a UK Export Catch Certificate, by accessing the service operated by Defra and processed by the Marine Management Organisation (MMO) and other UK Marine Fisheries authorities operating in the UK.
          </p>
          <p>
            The following personal information we require is as follows:
          </p>
          <ol
            class="e1vcssft0 css-t0nsp0-StyledList-StyledHoc e4u1u2g0"
          >
            <li
              class="e1vcssft0 css-h9lpae-StyledListItem-StyledHoc e4u1u2g0"
            >
              Your full name
            </li>
            <li
              class="e1vcssft0 css-h9lpae-StyledListItem-StyledHoc e4u1u2g0"
            >
              Company name (where applicable)
            </li>
            <li
              class="e1vcssft0 css-h9lpae-StyledListItem-StyledHoc e4u1u2g0"
            >
              Address
            </li>
            <li
              class="e1vcssft0 css-h9lpae-StyledListItem-StyledHoc e4u1u2g0"
            >
              Contact telephone number
            </li>
            <li
              class="e1vcssft0 css-h9lpae-StyledListItem-StyledHoc e4u1u2g0"
            >
              Vessel registration details, including:
            </li>
            <ol
              class="e1vcssft0 css-58tcge-StyledList-StyledHoc e4u1u2g0"
            >
              <li
                class="e1vcssft0 css-h9lpae-StyledListItem-StyledHoc e4u1u2g0"
              >
                Vessel name
              </li>
              <li
                class="e1vcssft0 css-h9lpae-StyledListItem-StyledHoc e4u1u2g0"
              >
                Registration number
              </li>
              <li
                class="e1vcssft0 css-h9lpae-StyledListItem-StyledHoc e4u1u2g0"
              >
                Port and number
              </li>
              <li
                class="e1vcssft0 css-h9lpae-StyledListItem-StyledHoc e4u1u2g0"
              >
                International Maritime Organisation (IMO) number
              </li>
              <li
                class="e1vcssft0 css-h9lpae-StyledListItem-StyledHoc e4u1u2g0"
              >
                Lloyds number
              </li>
              <li
                class="e1vcssft0 css-h9lpae-StyledListItem-StyledHoc e4u1u2g0"
              >
                Fishing license number
              </li>
              <li
                class="e1vcssft0 css-h9lpae-StyledListItem-StyledHoc e4u1u2g0"
              >
                Inmarsat number / fax / telephone number where applicable
              </li>
            </ol>
            <li
              class="e1vcssft0 css-h9lpae-StyledListItem-StyledHoc e4u1u2g0"
            >
              Name of Master of fishing vessel
            </li>
            <li
              class="e1vcssft0 css-h9lpae-StyledListItem-StyledHoc e4u1u2g0"
            >
              Contact details (name, addresses & transportation details) of transshipment, (re)exporter, importer, transporter, processors, and storage facilities.
            </li>
          </ol>
          <br />
          <p>
            We also use your personal information with Google Analytics to monitor your online progress through the service, helping us to improve your experience e.g.
          </p>
          <p>
            Performance Statistics:
          </p>
          <ol
            class="e1vcssft0 css-t0nsp0-StyledList-StyledHoc e4u1u2g0"
          >
            <li
              class="e1vcssft0 css-h9lpae-StyledListItem-StyledHoc e4u1u2g0"
            >
              Your interaction with the website
            </li>
            <li
              class="e1vcssft0 css-h9lpae-StyledListItem-StyledHoc e4u1u2g0"
            >
              Understanding what a user does when they receive an error (continue or abandon)
            </li>
            <li
              class="e1vcssft0 css-h9lpae-StyledListItem-StyledHoc e4u1u2g0"
            >
              Where you leave the website, which could be from an error page or you may have failed to complete a certificate
            </li>
            <li
              class="e1vcssft0 css-h9lpae-StyledListItem-StyledHoc e4u1u2g0"
            >
              Number of vessels per document
            </li>
            <li
              class="e1vcssft0 css-h9lpae-StyledListItem-StyledHoc e4u1u2g0"
            >
              How many users created each export certificate
            </li>
          </ol>
          <br />
          <p>
            Performance information:
          </p>
          <ol
            class="e1vcssft0 css-t0nsp0-StyledList-StyledHoc e4u1u2g0"
          >
            <li
              class="e1vcssft0 css-h9lpae-StyledListItem-StyledHoc e4u1u2g0"
            >
              Catch Certificate Insights
            </li>
            <ol
              class="e1vcssft0 css-58tcge-StyledList-StyledHoc e4u1u2g0"
            >
              <li
                class="e1vcssft0 css-h9lpae-StyledListItem-StyledHoc e4u1u2g0"
              >
                How many catch landing details in each certificate
              </li>
              <li
                class="e1vcssft0 css-h9lpae-StyledListItem-StyledHoc e4u1u2g0"
              >
                How many variations of products
              </li>
              <li
                class="e1vcssft0 css-h9lpae-StyledListItem-StyledHoc e4u1u2g0"
              >
                The different transport options people use 
              </li>
              <li
                class="e1vcssft0 css-h9lpae-StyledListItem-StyledHoc e4u1u2g0"
              >
                The amount of users who change the exporter details
              </li>
            </ol>
            <p>
               
            </p>
            <li
              class="e1vcssft0 css-h9lpae-StyledListItem-StyledHoc e4u1u2g0"
            >
              Company Insights
            </li>
            <ol
              class="e1vcssft0 css-58tcge-StyledList-StyledHoc e4u1u2g0"
            >
              <li
                class="e1vcssft0 css-h9lpae-StyledListItem-StyledHoc e4u1u2g0"
              >
                The different types of companies
              </li>
              <li
                class="e1vcssft0 css-h9lpae-StyledListItem-StyledHoc e4u1u2g0"
              >
                The location of companies
              </li>
              <li
                class="e1vcssft0 css-h9lpae-StyledListItem-StyledHoc e4u1u2g0"
              >
                The amount of documents each company creates
              </li>
              <li
                class="e1vcssft0 css-h9lpae-StyledListItem-StyledHoc e4u1u2g0"
              >
                The percentage of documents created across all companies
              </li>
              <li
                class="e1vcssft0 css-h9lpae-StyledListItem-StyledHoc e4u1u2g0"
              >
                The amount of companies who create multiple documents
              </li>
            </ol>
          </ol>
          <br />
          <p>
            We do not track IP address or individual User Id’s in Google Analytics.
          </p>
          <h2
            class="e1vcssft0 css-162lx7h-StyledHeader-StyledHoc e4u1u2g0"
          >
            Who Collects Your Personal Information
          </h2>
          <p>
            The Department for Environment, Food and Rural Affairs (Defra) collects your personal information and is the data controller for the personal information you provide.
          </p>
          <span
            style="font-weight: bold;"
          >
            DEFRA Data Protection Officer
          </span>
           
          <br />
          <br />
          You can contact the Defra Data Protection Officer at:
          <p>
            Department for Environment, 
            <br />
            Food and Rural Affairs
            <br />
            SW Quarter
            <br />
            2nd floor
            <br />
            Seacole Block
            <br />
            2 Marsham Street
            <br />
            London SW1P 4DF 
            <br />
            Email:
             
            <a
              href="mailto:data.protection@defra.gov.uk"
            >
              data.protection@defra.gov.uk
            </a>
          </p>
          <p>
             
          </p>
          <h2
            class="e1vcssft0 css-162lx7h-StyledHeader-StyledHoc e4u1u2g0"
          >
            Legal Basis for Processing Your Personal Information
             
          </h2>
          <p>
            The legal basis for processing your personal information is in the exercise of official authority, and also to perform specific tasks in the public interest which allow for safe border data transfer. Where required by law, data may be published on UK Government or EU websites.
          </p>
          <p>
            Your personal information will be processed securely using appropriate technical and organisational measures.
          </p>
          <p>
            More information about the MMO can be found at 
            <br />
            <a
              aria-label="Opens link for information about MMO"
              href="https://www.gov.uk/government/organisations/marine-management-organisation"
              rel="noopener noreferrer"
              target="_blank"
            >
              https://www.gov.uk/government/organisations/marine-management-organisation
              <span
                class="govuk-visually-hidden"
              >
                (opens in new tab)
              </span>
            </a>
          </p>
          <br />
          <h2
            class="e1vcssft0 css-162lx7h-StyledHeader-StyledHoc e4u1u2g0"
          >
            Who Your Personal Information May be Shared with
          </h2>
          <p>
            Personal information may be made available to public and local authorities and other public bodies in the UK and EU to meet legal requirements in pursuance of public tasks
          </p>
          <p>
            We may have to release information (including personal information and commercial information) under the following legislation:
          </p>
          <ol
            class="e1vcssft0 css-t0nsp0-StyledList-StyledHoc e4u1u2g0"
          >
            <li
              class="e1vcssft0 css-h9lpae-StyledListItem-StyledHoc e4u1u2g0"
            >
              General Data Protection Regulation (GDPR)
            </li>
            <li
              class="e1vcssft0 css-h9lpae-StyledListItem-StyledHoc e4u1u2g0"
            >
              UK Data Protection Act 2018
            </li>
            <li
              class="e1vcssft0 css-h9lpae-StyledListItem-StyledHoc e4u1u2g0"
            >
              Freedom of Information Act 2000
            </li>
            <li
              class="e1vcssft0 css-h9lpae-StyledListItem-StyledHoc e4u1u2g0"
            >
              Environmental Information Regulations 2004
            </li>
          </ol>
          <br />
          <h2
            class="e1vcssft0 css-162lx7h-StyledHeader-StyledHoc e4u1u2g0"
          >
            How Long We Keep Your Personal Information for
          </h2>
          <p>
            All personal information within Defra is held in accordance with our data retention policy and in alignment with EU Data Privacy statement provisions.
          </p>
          <br />
          <h2
            class="e1vcssft0 css-162lx7h-StyledHeader-StyledHoc e4u1u2g0"
          >
            What will happen if I don’t provide the data?
          </h2>
          <p>
            For statutory and public interest purposes it is necessary to provide data as stated in the relevant legislation.
          </p>
          <br />
          <h2
            class="e1vcssft0 css-162lx7h-StyledHeader-StyledHoc e4u1u2g0"
          >
            Will my personal information be transferred outside of the UK / EEA? If it is, how will it be protected?
          </h2>
          <p>
            The data you provide will not be transferred outside of the UK / EEA. However, when necessary personal information may be transferred when it is lawful and complementary to our work carried out in the public interest, i.e. enforcement, verification of documentation outside (UK / EEA),
             
          </p>
          <br />
          <h2
            class="e1vcssft0 css-162lx7h-StyledHeader-StyledHoc e4u1u2g0"
          >
            Your Rights
          </h2>
          <span
            style="font-weight: bold;"
          >
            Your Right of Access
          </span>
           
          <br />
          <br />
          <p>
            You have the right to ask us for copies of your personal information. This right always applies. There are some exemptions, which means you may not always receive all the information we process. You can read more about this right
             
            <a
              aria-label="Opens link about your right of access"
              href="https://ico.org.uk/your-data-matters/your-right-to-get-copies-of-your-data/"
              rel="noopener noreferrer"
              target="_blank"
            >
              here
              <span
                class="govuk-visually-hidden"
              >
                (opens in new tab)
              </span>
            </a>
             
            .
          </p>
          <br />
          <span
            style="font-weight: bold;"
          >
            Your Right to Rectification
          </span>
           
          <br />
          <br />
          <p>
            You have the right to ask us to rectify information you think is inaccurate. You also have the right to ask us to complete information you think is incomplete. This right always applies.You can read more about this right
             
            <a
              aria-label="Opens link about Your right to get your data corrected"
              href="https://ico.org.uk/your-data-matters/your-right-to-get-your-data-corrected/"
              rel="noopener noreferrer"
              target="_blank"
            >
              here
              <span
                class="govuk-visually-hidden"
              >
                (opens in new tab)
              </span>
            </a>
            .
          </p>
          <br />
          <span
            style="font-weight: bold;"
          >
            Your Right to Erasure
          </span>
           
          <br />
          <br />
          <p>
            You have the right to ask us to erase your personal information in certain circumstances. You can read more about this right
             
            <a
              aria-label="Opens link about your right to get your data deleted"
              href="https://ico.org.uk/your-data-matters/your-right-to-get-your-data-deleted/"
              rel="noopener noreferrer"
              target="_blank"
            >
              here
              <span
                class="govuk-visually-hidden"
              >
                (opens in new tab)
              </span>
            </a>
            .
          </p>
          <br />
          <span
            style="font-weight: bold;"
          >
            Your Right to Restriction of Processing
          </span>
           
          <br />
          <br />
          <p>
            You have the right to ask us to restrict the processing of your information in certain circumstances. You can read more about this right
             
            <a
              aria-label="Opens link about Your right to limit how organisations use your data"
              href="https://ico.org.uk/your-data-matters/your-right-to-limit-how-organisations-use-your-data/"
              rel="noopener noreferrer"
              target="_blank"
            >
              here
              <span
                class="govuk-visually-hidden"
              >
                (opens in new tab)
              </span>
            </a>
            .
          </p>
          <br />
          <span
            style="font-weight: bold;"
          >
            Your Right to Object to Processing
          </span>
           
          <br />
          <br />
          <p>
            You have the right to object to processing if we are able to process your information because the process forms part of our public tasks or is in our legitimate interests. You can read more about this right
             
            <a
              aria-label="Opens link about your right to object to the use of your data"
              href="https://ico.org.uk/your-data-matters/the-right-to-object-to-the-use-of-your-data/"
              rel="noopener noreferrer"
              target="_blank"
            >
              here
              <span
                class="govuk-visually-hidden"
              >
                (opens in new tab)
              </span>
            </a>
            .
          </p>
          <br />
          <span
            style="font-weight: bold;"
          >
            Your Right to Data Portability 
          </span>
           
          <br />
          <br />
          <p>
            This only applies to information you have given us. You have the right to ask that we transfer the information you gave us from one organisation to another or give it to you. The right only applies if we are processing information based on your consent or under, or in talks about entering into a contract and the processing is automated. You can read more about this right
             
            <a
              aria-label="Opens link about your right to data portability"
              href="https://ico.org.uk/your-data-matters/your-right-to-data-portability/"
              rel="noopener noreferrer"
              target="_blank"
            >
              here
              <span
                class="govuk-visually-hidden"
              >
                (opens in new tab)
              </span>
            </a>
            .
          </p>
          <p>
            If we are processing your information for criminal law enforcement purposes, your rights are slightly different.
             
          </p>
          <p>
            You are not required to pay any charge for exercising your rights. We have one month to respond to you.
          </p>
          <p>
            Please contact our Data Protection Officer if you wish to make a request
          </p>
          <p>
             
          </p>
          <h2
            class="e1vcssft0 css-162lx7h-StyledHeader-StyledHoc e4u1u2g0"
          >
            How do I complain?
          </h2>
          <p>
            You have the right to lodge a complaint with the Independent Commissioners Office (ICO) at any time
          </p>
          <p>
            During the coronavirus pandemic you can still report concerns to the ICO about our information rights practices via their helpline on 0303 123 1113.
          </p>
          <p>
             
          </p>
          <br />
          <form
            action="/orchestration/api/v1/userAttributes"
            method="POST"
          >
            <input
              name="key"
              type="hidden"
              value="privacy_statement"
            />
            <input
              name="value"
              type="hidden"
              value="true"
            />
            <input
              name="nextUri"
              type="hidden"
              value=""
            />
            <button
              class="e1vcssft0 css-1enchvi-StyledButton-StyledHoc e4u1u2g0"
              id="privacyNotice"
              name="privacyNotice"
            >
              Accept and continue
            </button>
          </form>
        </div>
      </div>
    </div>
  </div>
</div>
`;
