// Jest Snapshot v1, https://goo.gl/fbAQLP

exports[`ProgressPage snapshot should take a snapshot of the component 1`] = `
<div>
  <div
    class="css-1l99ixu-OuterContainer e4u1u2g0"
  >
    <div
      class="css-n57fe4-InnerContainer e4u1u2g1"
    >
      <div
        class="css-1lzr9ic-StyledRow e4u1u2g0"
      >
        <div
          class="css-1w80l5h-StyledColumn e4u1u2g0"
        >
          <a
            class="e1vcssft0 css-zk98nb-Anchor-StyledHoc e4u1u2g0"
            href="/create-catch-certificate/document123/landings-entry"
          >
            Back
          </a>
          <h1
            class="e1vcssft0 css-11nzzut-StyledHeader-StyledHoc e4u1u2g0"
          >
            Your Progress
          </h1>
          <h2
            class="govuk-heading-m progess-h1text e1vcssft0 css-162lx7h-StyledHeader-StyledHoc e4u1u2g0"
            data-testid="Progress-heading"
          >
            Catch Certificate application:
            document123
          </h2>
          <br />
          <br />
          <div
            class="task-list-info"
          >
            <h2
              class="govuk-heading-m e1vcssft0 css-162lx7h-StyledHeader-StyledHoc e4u1u2g0"
              data-testid="ApplicationIncomplete-heading"
            >
              Application completed
            </h2>
            <p
              data-testid="completedSections"
            >
              You have completed 7 of 7 required sections.
            </p>
          </div>
          <ol
            class="app-task-list e1vcssft0 css-11q1tzs-StyledList-StyledHoc e4u1u2g0"
          >
            <li
              class="e1vcssft0 css-h9lpae-StyledListItem-StyledHoc e4u1u2g0"
            >
              <h2
                class="app-task-list__section e1vcssft0 css-162lx7h-StyledHeader-StyledHoc e4u1u2g0"
                data-testid="Exporter-heading"
              >
                <span
                  class="app-task-list__section-number"
                >
                  1.
                </span>
                Exporter
              </h2>
              <ul
                class="app-task-list__items e1vcssft0 css-11q1tzs-StyledList-StyledHoc e4u1u2g0"
              >
                <div
                  class="grey-border-top"
                />
                <li
                  class="app-task-list__item  e1vcssft0 css-h9lpae-StyledListItem-StyledHoc e4u1u2g0"
                  data-testid="progress-yourReference-wrapper"
                  id="undefined"
                >
                  <a
                    data-testid="progress-yourReference-title"
                    href="/create-catch-certificate/document123/add-your-reference"
                  >
                    Your reference
                     (Optional)
                  </a>
                  <strong
                    class="govuk-tag undefined app-task-list__tag"
                    data-testid="progress-yourReference-tag"
                  >
                    COMPLETED
                  </strong>
                </li>
                <div
                  class="grey-border-bottom"
                />
                <li
                  class="app-task-list__item  e1vcssft0 css-h9lpae-StyledListItem-StyledHoc e4u1u2g0"
                  data-testid="progress-exporterDetails-wrapper"
                  id="exporter"
                >
                  <a
                    data-testid="progress-exporterDetails-title"
                    href="/create-catch-certificate/document123/add-exporter-details"
                  >
                    Exporter details
                  </a>
                  <strong
                    class="govuk-tag undefined app-task-list__tag"
                    data-testid="progress-exporterDetails-tag"
                  >
                    COMPLETED
                  </strong>
                </li>
                <div
                  class="grey-border-bottom"
                />
              </ul>
            </li>
            <br />
            <br />
            <li
              class="e1vcssft0 css-h9lpae-StyledListItem-StyledHoc e4u1u2g0"
            >
              <h2
                class="app-task-list__section e1vcssft0 css-162lx7h-StyledHeader-StyledHoc e4u1u2g0"
                data-testid="ProductsAndLandings-heading"
              >
                <span
                  class="app-task-list__section-number"
                >
                  2.
                </span>
                Products/Landings
              </h2>
              <ul
                class="app-task-list__items e1vcssft0 css-11q1tzs-StyledList-StyledHoc e4u1u2g0"
              >
                <div
                  class="grey-border-top"
                />
                <li
                  class="app-task-list__item  e1vcssft0 css-h9lpae-StyledListItem-StyledHoc e4u1u2g0"
                  data-testid="progress-dataUpload-wrapper"
                  id="undefined"
                >
                  <a
                    data-testid="progress-dataUpload-title"
                    href="/create-catch-certificate/document123/upload-file"
                  >
                    Data upload
                  </a>
                </li>
                <div
                  class="grey-border-bottom"
                />
                <li
                  class="app-task-list__item  e1vcssft0 css-h9lpae-StyledListItem-StyledHoc e4u1u2g0"
                  data-testid="progress-productDetails-wrapper"
                  id="products"
                >
                  <a
                    data-testid="progress-productDetails-title"
                    href="/create-catch-certificate/document123/what-are-you-exporting"
                  >
                    Product details
                  </a>
                  <strong
                    class="govuk-tag undefined app-task-list__tag"
                    data-testid="progress-productDetails-tag"
                  >
                    COMPLETED
                  </strong>
                </li>
                <div
                  class="grey-border-bottom"
                />
                <li
                  class="app-task-list__item  e1vcssft0 css-h9lpae-StyledListItem-StyledHoc e4u1u2g0"
                  data-testid="progress-landingDetails-wrapper"
                  id="landings"
                >
                  <a
                    data-testid="progress-landingDetails-title"
                    href="/create-catch-certificate/document123/direct-landing"
                  >
                    Landings details
                  </a>
                  <strong
                    class="govuk-tag undefined app-task-list__tag"
                    data-testid="progress-landingDetails-tag"
                  >
                    COMPLETED
                  </strong>
                </li>
                <div
                  class="grey-border-bottom"
                />
                <li
                  class="app-task-list__item  e1vcssft0 css-h9lpae-StyledListItem-StyledHoc e4u1u2g0"
                  data-testid="progress-catchWaters-wrapper"
                  id="conservation"
                >
                  <a
                    data-testid="progress-catchWaters-title"
                    href="/create-catch-certificate/document123/whose-waters-were-they-caught-in"
                  >
                    Catch waters
                  </a>
                  <strong
                    class="govuk-tag undefined app-task-list__tag"
                    data-testid="progress-catchWaters-tag"
                  >
                    COMPLETED
                  </strong>
                </li>
                <div
                  class="grey-border-bottom"
                />
              </ul>
            </li>
            <br />
            <br />
            <li
              class="e1vcssft0 css-h9lpae-StyledListItem-StyledHoc e4u1u2g0"
            >
              <h2
                class="app-task-list__section e1vcssft0 css-162lx7h-StyledHeader-StyledHoc e4u1u2g0"
                data-testid="Transportation-heading"
              >
                <span
                  class="app-task-list__section-number"
                >
                  3.
                </span>
                Transportation
              </h2>
              <ul
                class="app-task-list__items e1vcssft0 css-11q1tzs-StyledList-StyledHoc e4u1u2g0"
              >
                <div
                  class="grey-border-top"
                />
                <li
                  class="app-task-list__item  e1vcssft0 css-h9lpae-StyledListItem-StyledHoc e4u1u2g0"
                  data-testid="progress-exportJourney-wrapper"
                  id="exportJourney"
                >
                  <a
                    data-testid="progress-exportJourney-title"
                    href="/create-catch-certificate/document123/what-export-journey"
                  >
                    Export journey
                  </a>
                  <strong
                    class="govuk-tag undefined app-task-list__tag"
                    data-testid="progress-exportJourney-tag"
                  >
                    COMPLETED
                  </strong>
                </li>
                <div
                  class="grey-border-bottom"
                />
                <li
                  class="app-task-list__item  e1vcssft0 css-h9lpae-StyledListItem-StyledHoc e4u1u2g0"
                  data-testid="progress-transportType-wrapper"
                  id="transportType"
                >
                  <a
                    data-testid="progress-transportType-title"
                    href="/create-catch-certificate/document123/how-does-the-export-leave-the-uk"
                  >
                    Transport type
                  </a>
                  <strong
                    class="govuk-tag undefined app-task-list__tag"
                    data-testid="progress-transportType-tag"
                  >
                    COMPLETED
                  </strong>
                </li>
                <div
                  class="grey-border-bottom"
                />
                <li
                  class="app-task-list__item  e1vcssft0 css-h9lpae-StyledListItem-StyledHoc e4u1u2g0"
                  data-testid="progress-transportDetails-wrapper"
                  id="transportDetails"
                >
                  <a
                    data-testid="progress-transportDetails-title"
                    href="/create-catch-certificate/document123/do-you-have-a-road-transport-document"
                  >
                    Transport details
                  </a>
                  <strong
                    class="govuk-tag undefined app-task-list__tag"
                    data-testid="progress-transportDetails-tag"
                  >
                    COMPLETED
                  </strong>
                </li>
                <div
                  class="grey-border-bottom"
                />
              </ul>
            </li>
          </ol>
          <br />
          <br />
          <div
            class="css-1lzr9ic-StyledRow e4u1u2g0"
          >
            <button
              class="govuk-button govuk-button--secondary css-17uw1q2-StyledButton-StyledHoc e4u1u2g0"
              id="returnToYourDashboard"
              name="returnToYourDashboard"
              type="button"
              value="returnToYourDashboard"
            >
              Return to your dashboard
            </button>
            <button
              class="css-1gc9650-StyledButton-StyledHoc e4u1u2g0"
              id="continue"
            >
              Check your answers and submit
            </button>
          </div>
          <div
            class="css-1lzr9ic-StyledRow e4u1u2g0"
          >
            <div
              class="css-1w80l5h-StyledColumn e4u1u2g0"
            >
              <hr
                class="help-link"
              />
              <h2
                class="e1vcssft0 css-162lx7h-StyledHeader-StyledHoc e4u1u2g0"
              >
                Need help?
              </h2>
              <a
                href="undefined"
                rel="noopener noreferrer"
                target="_blank"
              >
                Get help exporting fish from the UK (gov.uk)
                 
                <span
                  class="govuk-visually-hidden"
                >
                  (opens in new tab)
                </span>
              </a>
            </div>
          </div>
        </div>
      </div>
    </div>
  </div>
</div>
`;
