// Jest Snapshot v1, https://goo.gl/fbAQLP

exports[`TransportSelectionPage snapshot should generate snapshot for TransportSelectionPage 1`] = `
<div>
  <div
    class="css-1l99ixu-OuterContainer e4u1u2g0"
  >
    <div
      class="css-n57fe4-InnerContainer e4u1u2g1"
    >
      <div
        class="css-1lzr9ic-StyledRow e4u1u2g0"
      >
        <div
          class="css-1w80l5h-StyledColumn e4u1u2g0"
        >
          <a
            class="e1vcssft0 css-zk98nb-Anchor-StyledHoc e4u1u2g0"
            href="GBR-23423-4234234/conservationAndManagement"
          >
            Back
          </a>
          <h1
            class="e1vcssft0 css-11nzzut-StyledHeader-StyledHoc e4u1u2g0"
          >
            How does the export leave the UK?
          </h1>
        </div>
      </div>
      <form
        action="/orchestration/api/v1/transport/add"
        method="POST"
      >
        <input
          name="currentUri"
          type="hidden"
          value=":documentNumber/how-does-the-export-leave-the-uk"
        />
        <input
          name="truckCmrUri"
          type="hidden"
          value=":documentNumber/add-transportation-details-truck"
        />
        <input
          name="planeDetailsUri"
          type="hidden"
          value=":documentNumber/add-transportation-details-plane"
        />
        <input
          name="trainDetailsUri"
          type="hidden"
          value=":documentNumber/add-transportation-details-train"
        />
        <input
          name="containerVesselDetailsUri"
          type="hidden"
          value=":documentNumber/add-transportation-details-container-vessel"
        />
        <input
          name="summaryUri"
          type="hidden"
          value=":documentNumber/check-your-information"
        />
        <input
          name="journey"
          type="hidden"
          value="catchCertificate"
        />
        <input
          name="dashboardUri"
          type="hidden"
          value=":documentNumber/create-catch-certificate/catch-certificates"
        />
        <div
          class="css-1lzr9ic-StyledRow e4u1u2g0"
        >
          <div
            class="css-1w80l5h-StyledColumn e4u1u2g0"
          >
            <div
              id="vehicle"
            >
              <div
                class="e1vcssft0 css-1phgi8s-StyledFieldset-StyledHoc e4u1u2g0"
              >
                <span
                  class="e1vcssft0 css-3e01s4-StyledLabelText-StyledHoc e4u1u2g0"
                >
                  Select a type of transport
                </span>
                <fieldset>
                  <legend
                    class="visually-hidden"
                  >
                    Select a type of transport
                  </legend>
                  <label
                    class="css-sdrcg6-StyledHoc"
                    for="truck"
                    id="label-truck"
                  >
                    <input
                      class="css-1xt3i3l"
                      id="truck"
                      name="vehicle"
                      type="radio"
                      value="truck"
                    />
                    <span
                      class="css-1uwxoxa"
                    >
                      Truck
                    </span>
                  </label>
                  <label
                    class="css-sdrcg6-StyledHoc"
                    for="plane"
                    id="label-plane"
                  >
                    <input
                      checked=""
                      class="css-1xt3i3l"
                      id="plane"
                      name="vehicle"
                      type="radio"
                      value="plane"
                    />
                    <span
                      class="css-1uwxoxa"
                    >
                      Plane
                    </span>
                  </label>
                  <label
                    class="css-sdrcg6-StyledHoc"
                    for="train"
                    id="label-train"
                  >
                    <input
                      class="css-1xt3i3l"
                      id="train"
                      name="vehicle"
                      type="radio"
                      value="train"
                    />
                    <span
                      class="css-1uwxoxa"
                    >
                      Train
                    </span>
                  </label>
                  <label
                    class="css-sdrcg6-StyledHoc"
                    for="containerVessel"
                    id="label-containerVessel"
                  >
                    <input
                      class="css-1xt3i3l"
                      id="containerVessel"
                      name="vehicle"
                      type="radio"
                      value="containerVessel"
                    />
                    <span
                      class="css-1uwxoxa"
                    >
                      Container vessel
                    </span>
                  </label>
                </fieldset>
              </div>
            </div>
          </div>
        </div>
        <div
          class="css-1lzr9ic-StyledRow e4u1u2g0"
        >
          <button
            class="css-17uw1q2-StyledButton-StyledHoc e4u1u2g0"
            formaction="/orchestration/api/v1/transport/add/saveAsDraft"
            id="saveAsDraft"
            name="saveAsDraft"
            type="submit"
          >
            Save as Draft
          </button>
          <button
            class="css-1gc9650-StyledButton-StyledHoc e4u1u2g0"
            id="continue"
            type="submit"
          >
            Save and continue
          </button>
        </div>
      </form>
      <a
        href="/GBR-23423-4234234/progress"
        id="backToProgress"
      >
        Back to Your Progress
        <span
          class="govuk-visually-hidden"
        >
          back to your progress page link
        </span>
      </a>
      <div
        class="css-1lzr9ic-StyledRow e4u1u2g0"
      >
        <div
          class="css-1w80l5h-StyledColumn e4u1u2g0"
        >
          <hr
            class="help-link"
          />
          <h2
            class="e1vcssft0 css-162lx7h-StyledHeader-StyledHoc e4u1u2g0"
          >
            Need help?
          </h2>
          <a
            href="undefined"
            rel="noopener noreferrer"
            target="_blank"
          >
            Get help exporting fish from the UK (gov.uk)
             
            <span
              class="govuk-visually-hidden"
            >
              (opens in new tab)
            </span>
          </a>
        </div>
      </div>
    </div>
  </div>
</div>
`;
