// Jest Snapshot v1, https://goo.gl/fbAQLP

exports[`UploadGuidancePage should take a snapshot of the whole page 1`] = `
<div>
  <div
    class="css-1l99ixu-OuterContainer e4u1u2g0"
  >
    <div
      class="css-n57fe4-InnerContainer e4u1u2g1"
    >
      <div
        class="css-1lzr9ic-StyledRow e4u1u2g0"
      >
        <div
          class="css-1w80l5h-StyledColumn e4u1u2g0"
        >
          <a
            class="e1vcssft0 css-zk98nb-Anchor-StyledHoc e4u1u2g0"
            href="#"
          >
            Back
          </a>
          <h1
            class="e1vcssft0 css-11nzzut-StyledHeader-StyledHoc e4u1u2g0"
          >
            Upload guidance
          </h1>
          <h2
            class="e1vcssft0 css-162lx7h-StyledHeader-StyledHoc e4u1u2g0"
            data-testid="data-general-label"
          >
            General
          </h2>
          <table
            class="css-1uqv7s3-StyledTable e4u1u2g0"
            data-testid="data-general-table"
          >
            <caption
              class="css-gzlitc-Caption e172z3n50"
            />
            <thead
              class="css-1iuscil-TableHeader e1tbxulj0"
            >
              <tr
                class="css-7u9vzt-RowInner e1bh3ka20"
              >
                <th
                  class="css-12e3svi-CellHeader e1sike1z0"
                >
                  Subject
                </th>
                <th
                  class="css-12e3svi-CellHeader e1sike1z0"
                >
                  Guidance
                </th>
              </tr>
            </thead>
            <tbody
              class="css-x1p7io-TableBody eo9ngsf0"
            >
              <tr
                class="css-7u9vzt-RowInner e1bh3ka20"
              >
                <td
                  class="css-14ci18q-CellInner edqrv1d0"
                  style="vertical-align: top; text-align: left; border-bottom: 1px solid #b1b4b6; padding: 10px 20px 10px 0px;"
                >
                  <strong>
                    Upload process
                  </strong>
                </td>
                <td
                  class="css-14ci18q-CellInner edqrv1d0"
                >
                  <ul
                    class="ul e1vcssft0 css-t0nsp0-StyledList-StyledHoc e4u1u2g0"
                  >
                    <li
                      class="e1vcssft0 css-h9lpae-StyledListItem-StyledHoc e4u1u2g0"
                    >
                      The steps of the upload process are as follows:
                      <ol
                        class="ol e1vcssft0 css-1oae491-StyledList-StyledHoc e4u1u2g0"
                      >
                        <li
                          class="e1vcssft0 css-h9lpae-StyledListItem-StyledHoc e4u1u2g0"
                        >
                           
                          <strong>
                            Upload products and landings
                          </strong>
                           - Upload the CSV file containing the product IDs and landings.
                        </li>
                        <li
                          class="e1vcssft0 css-h9lpae-StyledListItem-StyledHoc e4u1u2g0"
                        >
                           
                          <strong>
                            Fix errors (if required)
                          </strong>
                           - If there are multiple errors, you can clear the upload, amend the file, and reupload.
                        </li>
                        <li
                          class="e1vcssft0 css-h9lpae-StyledListItem-StyledHoc e4u1u2g0"
                        >
                           
                          <strong>
                            Review/correct
                          </strong>
                            - The steps will take you back to the Add landings page where you can add any missing landings manually or correct any mistakes you find.
                        </li>
                      </ol>
                    </li>
                    <li
                      class="e1vcssft0 css-h9lpae-StyledListItem-StyledHoc e4u1u2g0"
                    >
                      Multiple CSV files can be uploaded by cycling through the process again.
                    </li>
                  </ul>
                </td>
              </tr>
              <tr
                class="css-7u9vzt-RowInner e1bh3ka20"
              >
                <td
                  class="css-14ci18q-CellInner edqrv1d0"
                  style="vertical-align: top; text-align: left; border-bottom: 1px solid #b1b4b6; padding: 10px 20px 10px 0px;"
                >
                  <strong>
                    Limitations
                  </strong>
                </td>
                <td
                  class="css-14ci18q-CellInner edqrv1d0"
                >
                  <ul
                    class="ul e1vcssft0 css-t0nsp0-StyledList-StyledHoc e4u1u2g0"
                  >
                    <li
                      class="e1vcssft0 css-h9lpae-StyledListItem-StyledHoc e4u1u2g0"
                    >
                      The maximum number of rows that can be uploaded per catch certificate is 100.
                    </li>
                    <li
                      class="e1vcssft0 css-h9lpae-StyledListItem-StyledHoc e4u1u2g0"
                    >
                      You can only upload products that have been saved in your product favourites, accessible from the main navigation.
                    </li>
                    <li
                      class="e1vcssft0 css-h9lpae-StyledListItem-StyledHoc e4u1u2g0"
                    >
                      If your export contains multiple products from the same landing, the landing will need to be repeated for each product.
                    </li>
                  </ul>
                </td>
              </tr>
              <tr
                class="css-7u9vzt-RowInner e1bh3ka20"
              >
                <td
                  class="css-14ci18q-CellInner edqrv1d0"
                  style="vertical-align: top; text-align: left; border-bottom: 1px solid #b1b4b6; padding: 10px 20px 10px 0px;"
                >
                  <strong>
                    Product IDs
                  </strong>
                </td>
                <td
                  class="css-14ci18q-CellInner edqrv1d0"
                >
                  <ul
                    class="ul e1vcssft0 css-t0nsp0-StyledList-StyledHoc e4u1u2g0"
                  >
                    <li
                      class="e1vcssft0 css-h9lpae-StyledListItem-StyledHoc e4u1u2g0"
                    >
                      Product IDs are created when a  
                      <a
                        aria-label="Opens link for information on product favourites"
                        href="/manage-favourites"
                      >
                        <span
                          class="govuk-visually-hidden"
                        >
                          (opens in same tab)
                        </span>
                        product favourites
                      </a>
                        is saved.
                    </li>
                    <li
                      class="e1vcssft0 css-h9lpae-StyledListItem-StyledHoc e4u1u2g0"
                    >
                      They are unique to each user and are used to speed up the process of uploading products.
                    </li>
                    <li
                      class="e1vcssft0 css-h9lpae-StyledListItem-StyledHoc e4u1u2g0"
                    >
                      Product IDs are only used internally by the FES service and have no relevance to the final catch certificate.
                    </li>
                  </ul>
                </td>
              </tr>
            </tbody>
          </table>
          <br />
          <h2
            class="e1vcssft0 css-162lx7h-StyledHeader-StyledHoc e4u1u2g0"
            data-testid="data-csvfile-label"
          >
            CSV file
          </h2>
          <table
            class="css-1uqv7s3-StyledTable e4u1u2g0"
            data-testid="data-csvfile-table"
          >
            <caption
              class="css-gzlitc-Caption e172z3n50"
            />
            <thead
              class="css-1iuscil-TableHeader e1tbxulj0"
            >
              <tr
                class="css-7u9vzt-RowInner e1bh3ka20"
              >
                <th
                  class="css-12e3svi-CellHeader e1sike1z0"
                >
                  Subject
                </th>
                <th
                  class="css-12e3svi-CellHeader e1sike1z0"
                >
                  Guidance
                </th>
              </tr>
            </thead>
            <tbody
              class="css-x1p7io-TableBody eo9ngsf0"
            >
              <tr
                class="css-7u9vzt-RowInner e1bh3ka20"
              >
                <td
                  class="css-14ci18q-CellInner edqrv1d0"
                  style="vertical-align: top; text-align: left; border-bottom: 1px solid #b1b4b6; padding: 10px 20px 10px 0px;"
                >
                  <strong>
                    File type
                  </strong>
                </td>
                <td
                  class="css-14ci18q-CellInner edqrv1d0"
                >
                  <ul
                    class="ul e1vcssft0 css-t0nsp0-StyledList-StyledHoc e4u1u2g0"
                  >
                    <li
                      class="e1vcssft0 css-h9lpae-StyledListItem-StyledHoc e4u1u2g0"
                    >
                      The upload file must be a CSV file (CSV stands for Comma Separated Values).
                    </li>
                    <li
                      class="e1vcssft0 css-h9lpae-StyledListItem-StyledHoc e4u1u2g0"
                    >
                      CSV files can be generated by exporting from spreadsheets or other software with an export feature.
                    </li>
                  </ul>
                </td>
              </tr>
              <tr
                class="css-7u9vzt-RowInner e1bh3ka20"
              >
                <td
                  class="css-14ci18q-CellInner edqrv1d0"
                  style="vertical-align: top; text-align: left; border-bottom: 1px solid #b1b4b6; padding: 10px 20px 10px 0px;"
                >
                  <strong>
                    Data structure
                  </strong>
                </td>
                <td
                  class="css-14ci18q-CellInner edqrv1d0"
                >
                  <ul
                    class="ul e1vcssft0 css-t0nsp0-StyledList-StyledHoc e4u1u2g0"
                  >
                    <li
                      class="e1vcssft0 css-h9lpae-StyledListItem-StyledHoc e4u1u2g0"
                    >
                      Do not include a header row.
                    </li>
                    <li
                      class="e1vcssft0 css-h9lpae-StyledListItem-StyledHoc e4u1u2g0"
                    >
                      Each row should have the following structure:
                      <div
                        class="e1vcssft0 css-faqcc9-StyledInsetText-StyledHoc e4u1u2g0"
                        style="margin-top: 30px;"
                      >
                        <strong>
                          Product ID,Date landed,Catch area,Vessel PLN,Export weight
                        </strong>
                         
                        <br />
                        For example: PRD123,01/01/2021,FAO27,PH1100,50.95
                      </div>
                    </li>
                    <li
                      class="e1vcssft0 css-h9lpae-StyledListItem-StyledHoc e4u1u2g0"
                    >
                      Only use commas to separate fields (known as 'delimiters').
                    </li>
                    <li
                      class="e1vcssft0 css-h9lpae-StyledListItem-StyledHoc e4u1u2g0"
                    >
                      You are advised to group the rows together in a way that makes it easy for you to check the upload. For example, you could group landings by product or by vessel.
                    </li>
                  </ul>
                </td>
              </tr>
              <tr
                class="css-7u9vzt-RowInner e1bh3ka20"
              >
                <td
                  class="css-14ci18q-CellInner edqrv1d0"
                  style="vertical-align: top; text-align: left; border-bottom: 1px solid #b1b4b6; padding: 10px 20px 10px 0px;"
                >
                  <strong>
                    Validation
                  </strong>
                </td>
                <td
                  class="css-14ci18q-CellInner edqrv1d0"
                >
                  <ul
                    class="ul e1vcssft0 css-t0nsp0-StyledList-StyledHoc e4u1u2g0"
                  >
                    <li
                      class="e1vcssft0 css-h9lpae-StyledListItem-StyledHoc e4u1u2g0"
                    >
                      Uploaded products and landings will be subjected to the same validation as those entered manually.
                    </li>
                    <li
                      class="e1vcssft0 css-h9lpae-StyledListItem-StyledHoc e4u1u2g0"
                    >
                      If some rows fail to upload and you want to add them later manually, you should make a note of them before continuing.
                    </li>
                  </ul>
                </td>
              </tr>
            </tbody>
          </table>
          <br />
          <h2
            class="e1vcssft0 css-162lx7h-StyledHeader-StyledHoc e4u1u2g0"
            data-testid="data-requirements-label"
          >
            Data requirements
          </h2>
          <table
            class="css-1uqv7s3-StyledTable e4u1u2g0"
            data-testid="data-requirements-table"
          >
            <caption
              class="css-gzlitc-Caption e172z3n50"
            />
            <thead
              class="css-1iuscil-TableHeader e1tbxulj0"
            >
              <tr
                class="css-7u9vzt-RowInner e1bh3ka20"
              >
                <th
                  class="css-12e3svi-CellHeader e1sike1z0"
                >
                  Field
                </th>
                <th
                  class="css-12e3svi-CellHeader e1sike1z0"
                >
                  Guidance
                </th>
                <th
                  class="css-12e3svi-CellHeader e1sike1z0"
                >
                  Example
                </th>
              </tr>
            </thead>
            <tbody
              class="css-x1p7io-TableBody eo9ngsf0"
            >
              <tr
                class="css-7u9vzt-RowInner e1bh3ka20"
              >
                <td
                  class="css-14ci18q-CellInner edqrv1d0"
                  style="vertical-align: top; text-align: left; border-bottom: 1px solid #b1b4b6; padding: 10px 20px 10px 0px;"
                >
                  <strong>
                    Product ID
                  </strong>
                </td>
                <td
                  class="css-14ci18q-CellInner edqrv1d0"
                >
                  <ul
                    class="ul e1vcssft0 css-t0nsp0-StyledList-StyledHoc e4u1u2g0"
                  >
                    <li
                      class="e1vcssft0 css-h9lpae-StyledListItem-StyledHoc e4u1u2g0"
                    >
                      The product ID must refer to a product saved in your product favourites.
                    </li>
                  </ul>
                </td>
                <td
                  class="css-14ci18q-CellInner edqrv1d0"
                >
                  PRD123
                </td>
              </tr>
              <tr
                class="css-7u9vzt-RowInner e1bh3ka20"
              >
                <td
                  class="css-14ci18q-CellInner edqrv1d0"
                  style="vertical-align: top; text-align: left; border-bottom: 1px solid #b1b4b6; padding: 10px 20px 10px 0px;"
                >
                  <strong>
                    Date landed
                  </strong>
                </td>
                <td
                  class="css-14ci18q-CellInner edqrv1d0"
                >
                  <ul
                    class="ul e1vcssft0 css-t0nsp0-StyledList-StyledHoc e4u1u2g0"
                  >
                    <li
                      class="e1vcssft0 css-h9lpae-StyledListItem-StyledHoc e4u1u2g0"
                    >
                      Landing dates must be real dates in the format 'dd/mm/yyyy'.
                    </li>
                    <li
                      class="e1vcssft0 css-h9lpae-StyledListItem-StyledHoc e4u1u2g0"
                    >
                      Dates cannot be more than 7 days in the future.
                    </li>
                  </ul>
                </td>
                <td
                  class="css-14ci18q-CellInner edqrv1d0"
                >
                  01/01/2021
                </td>
              </tr>
              <tr
                class="css-7u9vzt-RowInner e1bh3ka20"
              >
                <td
                  class="css-14ci18q-CellInner edqrv1d0"
                  style="vertical-align: top; text-align: left; border-bottom: 1px solid #b1b4b6; padding: 10px 20px 10px 0px;"
                >
                  <strong>
                    Catch area
                  </strong>
                </td>
                <td
                  class="css-14ci18q-CellInner edqrv1d0"
                >
                  <ul
                    class="ul e1vcssft0 css-t0nsp0-StyledList-StyledHoc e4u1u2g0"
                  >
                    <li
                      class="e1vcssft0 css-h9lpae-StyledListItem-StyledHoc e4u1u2g0"
                    >
                      The catch area must be a FAO major fishing area.
                    </li>
                    <li
                      class="e1vcssft0 css-h9lpae-StyledListItem-StyledHoc e4u1u2g0"
                    >
                      A list of the major fishing areas is available from: www.fao.org
                    </li>
                  </ul>
                </td>
                <td
                  class="css-14ci18q-CellInner edqrv1d0"
                >
                  FAO27
                </td>
              </tr>
              <tr
                class="css-7u9vzt-RowInner e1bh3ka20"
              >
                <td
                  class="css-14ci18q-CellInner edqrv1d0"
                  style="vertical-align: top; text-align: left; border-bottom: 1px solid #b1b4b6; padding: 10px 20px 10px 0px;"
                >
                  <strong>
                    Vessel PLN
                  </strong>
                </td>
                <td
                  class="css-14ci18q-CellInner edqrv1d0"
                >
                  <ul
                    class="ul e1vcssft0 css-t0nsp0-StyledList-StyledHoc e4u1u2g0"
                  >
                    <li
                      class="e1vcssft0 css-h9lpae-StyledListItem-StyledHoc e4u1u2g0"
                    >
                      The PLN must be a valid Vessel PLN.
                    </li>
                    <li
                      class="e1vcssft0 css-h9lpae-StyledListItem-StyledHoc e4u1u2g0"
                    >
                      Vessels must be licensed on the date the catch was landed.
                    </li>
                    <li
                      class="e1vcssft0 css-h9lpae-StyledListItem-StyledHoc e4u1u2g0"
                    >
                      Vessel PLNs are available from: www.fishhub.cefas.co.uk/vessel-register/
                    </li>
                  </ul>
                </td>
                <td
                  class="css-14ci18q-CellInner edqrv1d0"
                >
                  PH1100
                </td>
              </tr>
              <tr
                class="css-7u9vzt-RowInner e1bh3ka20"
              >
                <td
                  class="css-14ci18q-CellInner edqrv1d0"
                  style="vertical-align: top; text-align: left; border-bottom: 1px solid #b1b4b6; padding: 10px 20px 10px 0px;"
                >
                  <strong>
                    Export weight
                  </strong>
                </td>
                <td
                  class="css-14ci18q-CellInner edqrv1d0"
                >
                  <ul
                    class="ul e1vcssft0 css-t0nsp0-StyledList-StyledHoc e4u1u2g0"
                  >
                    <li
                      class="e1vcssft0 css-h9lpae-StyledListItem-StyledHoc e4u1u2g0"
                    >
                      The export weight must be in kilograms (kg).
                    </li>
                    <li
                      class="e1vcssft0 css-h9lpae-StyledListItem-StyledHoc e4u1u2g0"
                    >
                      Weights must be greater than zero with up to two decimal places.
                    </li>
                  </ul>
                </td>
                <td
                  class="css-14ci18q-CellInner edqrv1d0"
                >
                  50.95
                </td>
              </tr>
            </tbody>
          </table>
        </div>
      </div>
      <div
        class="css-1lzr9ic-StyledRow e4u1u2g0"
      >
        <div
          class="css-1w80l5h-StyledColumn e4u1u2g0"
        >
          <hr
            class="help-link"
          />
          <h2
            class="e1vcssft0 css-162lx7h-StyledHeader-StyledHoc e4u1u2g0"
          >
            Need help?
          </h2>
          <a
            href="undefined"
            rel="noopener noreferrer"
            target="_blank"
          >
            Get help exporting fish from the UK (gov.uk)
             
            <span
              class="govuk-visually-hidden"
            >
              (opens in new tab)
            </span>
          </a>
        </div>
      </div>
    </div>
  </div>
</div>
`;
