// Jest Snapshot v1, https://goo.gl/fbAQLP

exports[`Whose Waters Were They Caught in Page should take a snapshot of the whole page 1`] = `
<div>
  <div
    class="css-1l99ixu-OuterContainer e4u1u2g0"
  >
    <div
      class="css-n57fe4-InnerContainer e4u1u2g1"
    >
      <div
        class="css-1lzr9ic-StyledRow e4u1u2g0"
      >
        <div
          class="css-1w80l5h-StyledColumn e4u1u2g0"
        >
          <a
            class="e1vcssft0 css-zk98nb-Anchor-StyledHoc e4u1u2g0"
            href="GBR-2021-CC-D6FBF748C/direct-landing"
          >
            Back
          </a>
          <h1
            class="e1vcssft0 css-11nzzut-StyledHeader-StyledHoc e4u1u2g0"
          >
            Whose waters were the fish or shellfish caught in?
          </h1>
        </div>
      </div>
      <form
        action="/orchestration/api/v1/conservation"
        method="POST"
      >
        <input
          name="currentUri"
          type="hidden"
          value=":documentNumber/what-export-journey"
        />
        <input
          name="nextUri"
          type="hidden"
          value=":documentNumber/how-does-the-export-leave-the-uk"
        />
        <input
          name="dashboardUri"
          type="hidden"
          value="/create-catch-certificate/catch-certificates"
        />
        <input
          name="journey"
          type="hidden"
          value="catchCertificate"
        />
        <div
          style="display: none;"
        >
          <label
            class="e1vcssft0 css-mpbcqr-StyledHoc"
            id="label-undefined"
          >
            <input
              class="css-17ieumk"
              type="checkbox"
            />
            <span
              class="css-1ogj8nh"
            />
          </label>
        </div>
        <div
          class="e1vcssft0 css-1phgi8s-StyledFieldset-StyledHoc e4u1u2g0"
        >
          <span
            class="e1vcssft0 css-3e01s4-StyledLabelText-StyledHoc e4u1u2g0"
          >
            Select all that apply
          </span>
          
          <label
            class="e1vcssft0 css-mpbcqr-StyledHoc"
            for="watersCaughtIn"
            id="label-watersCaughtIn"
          >
            <input
              class="css-17ieumk"
              id="watersCaughtIn"
              name="caughtInUKWaters"
              type="checkbox"
              value="Y"
            />
            <span
              class="css-1ogj8nh"
            >
              UK, British Isles
            </span>
          </label>
          <label
            class="e1vcssft0 css-mpbcqr-StyledHoc"
            for="caughtInEUWaters"
            id="label-caughtInEUWaters"
          >
            <input
              class="css-17ieumk"
              id="caughtInEUWaters"
              name="caughtInEUWaters"
              type="checkbox"
              value="Y"
            />
            <span
              class="css-1ogj8nh"
            >
              EU
            </span>
          </label>
          <label
            class="e1vcssft0 css-mpbcqr-StyledHoc"
            for="caughtInOtherWaters"
            id="label-caughtInOtherWaters"
          >
            <input
              class="css-17ieumk"
              id="caughtInOtherWaters"
              name="caughtInOtherWaters"
              type="checkbox"
              value="Y"
            />
            <span
              class="css-1ogj8nh"
            >
              Other
            </span>
          </label>
        </div>
        <div
          style="border-left: 10px solid #eee; padding-left: 10px;"
        >
          <label
            class="e1vcssft0 e1vcssft0 css-5tg97n-StyledLabel-StyledHoc-StyledHoc e4u1u2g0"
            for="otherWaters"
            id="label-otherWaters"
          >
            <span
              class="e1vcssft0 css-3e01s4-StyledLabelText-StyledHoc e4u1u2g0"
            >
              Whose waters?
            </span>
            
            <input
              autocomplete="off"
              class="e1vcssft0 css-4n7f6s-StyledInput-StyledHoc e4u1u2g0"
              id="otherWaters"
              name="otherWaters"
              type="text"
              value=""
            />
          </label>
        </div>
        <br />
        <div
          class="css-1lzr9ic-StyledRow e4u1u2g0"
        >
          <button
            class="css-17uw1q2-StyledButton-StyledHoc e4u1u2g0"
            formaction="/orchestration/api/v1/conservation/saveAsDraft"
            id="saveAsDraft"
            name="saveAsDraft"
            type="submit"
          >
            Save as Draft
          </button>
          <button
            class="css-1gc9650-StyledButton-StyledHoc e4u1u2g0"
            id="continue"
            type="submit"
          >
            Save and continue
          </button>
        </div>
      </form>
      <a
        href="/catch-certificates/GBR-2021-CC-D6FBF748C/progress"
        id="backToProgress"
      >
        Back to Your Progress
        <span
          class="govuk-visually-hidden"
        >
          back to your progress page link
        </span>
      </a>
      <div
        class="css-1lzr9ic-StyledRow e4u1u2g0"
      >
        <div
          class="css-1w80l5h-StyledColumn e4u1u2g0"
        >
          <hr
            class="help-link"
          />
          <h2
            class="e1vcssft0 css-162lx7h-StyledHeader-StyledHoc e4u1u2g0"
          >
            Need help?
          </h2>
          <a
            href="undefined"
            rel="noopener noreferrer"
            target="_blank"
          >
            Get help exporting fish from the UK (gov.uk)
             
            <span
              class="govuk-visually-hidden"
            >
              (opens in new tab)
            </span>
          </a>
        </div>
      </div>
    </div>
  </div>
</div>
`;
