// Jest Snapshot v1, https://goo.gl/fbAQLP

exports[`AddVesselForm should take a snapshot of the whole page 1`] = `
<div>
  <div
    class="add-landings-form"
  >
    <div
      class="date-field-with-picker"
      id="dateLanded"
    >
      <div
        class="column-field-picker"
      >
        <div
          class="date-field e1vcssft0 css-1bm99do-StyledContainer-StyledHoc e4u1u2g0"
        >
          <span
            class="e1vcssft0 css-3e01s4-StyledLabelText-StyledHoc e4u1u2g0"
          >
            <span
              class="label-landings-form e1vcssft0 css-3e01s4-StyledLabelText-StyledHoc e4u1u2g0"
              id="date-field-label-text"
            >
              Date Landed
            </span>
          </span>
          <span
            class="e1vcssft0 css-1whl0n4-StyledHint-StyledHoc e4u1u2g0"
          >
            For example, 31 03 1980
          </span>
          <span
            class="e1vcssft0 css-9vo93-StyledError-StyledHoc e4u1u2g0"
          >
            Enter the date landed
          </span>
          <div
            class="css-bw34j1-StyledList e107rt5v2"
          >
            <label
              class="e107rt5v1 css-iwpl6b-StyledLabel-StyledHoc-StyledLabel e4u1u2g0"
            >
              <span
                class="e1vcssft0 css-3e01s4-StyledLabelText-StyledHoc e4u1u2g0"
              >
                Day
              </span>
              <input
                class="css-oy9rc0-StyledInput e107rt5v0"
                name="dayInputName"
                type="number"
                value=""
              />
            </label>
            <label
              class="e107rt5v1 css-iwpl6b-StyledLabel-StyledHoc-StyledLabel e4u1u2g0"
            >
              <span
                class="e1vcssft0 css-3e01s4-StyledLabelText-StyledHoc e4u1u2g0"
              >
                Month
              </span>
              <input
                class="css-oy9rc0-StyledInput e107rt5v0"
                name="monthInputName"
                type="number"
                value=""
              />
            </label>
            <label
              class="e107rt5v1 css-17bpbza-StyledLabel-StyledHoc-StyledLabel e4u1u2g0"
            >
              <span
                class="e1vcssft0 css-3e01s4-StyledLabelText-StyledHoc e4u1u2g0"
              >
                Year
              </span>
              <input
                class="css-oy9rc0-StyledInput e107rt5v0"
                name="yearInputName"
                type="number"
                value=""
              />
            </label>
          </div>
        </div>
        <div
          class="date-picker error"
        >
          <button>
            <img
              alt="calendar"
              src="/static/assets/images/calendar.png"
            />
          </button>
        </div>
      </div>
    </div>
    <span
      class="label-landings-form e1vcssft0 css-3e01s4-StyledLabelText-StyledHoc e4u1u2g0"
    >
      Catch area
    </span>
    <select
      class="autocomplete__input--default faoArea autocomplete__input"
      id="select-faoArea"
      name="faoArea"
      style="background-color: white;"
    >
      <option
        id="faoArea_FAO18"
        value="FAO18"
      >
        FAO18
      </option>
      <option
        id="faoArea_FAO21"
        value="FAO21"
      >
        FAO21
      </option>
      <option
        id="faoArea_FAO27"
        value="FAO27"
      >
        FAO27
      </option>
      <option
        id="faoArea_FAO31"
        value="FAO31"
      >
        FAO31
      </option>
      <option
        id="faoArea_FAO34"
        value="FAO34"
      >
        FAO34
      </option>
      <option
        id="faoArea_FAO37"
        value="FAO37"
      >
        FAO37
      </option>
      <option
        id="faoArea_FAO41"
        value="FAO41"
      >
        FAO41
      </option>
      <option
        id="faoArea_FAO47"
        value="FAO47"
      >
        FAO47
      </option>
      <option
        id="faoArea_FAO48"
        value="FAO48"
      >
        FAO48
      </option>
      <option
        id="faoArea_FAO51"
        value="FAO51"
      >
        FAO51
      </option>
      <option
        id="faoArea_FAO57"
        value="FAO57"
      >
        FAO57
      </option>
      <option
        id="faoArea_FAO58"
        value="FAO58"
      >
        FAO58
      </option>
      <option
        id="faoArea_FAO61"
        value="FAO61"
      >
        FAO61
      </option>
      <option
        id="faoArea_FAO67"
        value="FAO67"
      >
        FAO67
      </option>
      <option
        id="faoArea_FAO71"
        value="FAO71"
      >
        FAO71
      </option>
      <option
        id="faoArea_FAO77"
        value="FAO77"
      >
        FAO77
      </option>
      <option
        id="faoArea_FAO81"
        value="FAO81"
      >
        FAO81
      </option>
      <option
        id="faoArea_FAO87"
        value="FAO87"
      >
        FAO87
      </option>
      <option
        id="faoArea_FAO88"
        value="FAO88"
      >
        FAO88
      </option>
    </select>
    <span
      class="label-landings-form e1vcssft0 css-3e01s4-StyledLabelText-StyledHoc e4u1u2g0"
    >
      Vessel name or PLN
    </span>
    <label
      class="e1vcssft0 css-137pbp-StyledLabel-StyledHoc e4u1u2g0"
      for="select-vessel"
    >
      <span
        class="e1vcssft0 css-9vo93-StyledError-StyledHoc e4u1u2g0"
      >
        Select a vessel from the list
      </span>
      <div
        style="position: relative;"
      >
        <div
          style="border: 1em;"
        >
          <input
            aria-autocomplete="list"
            aria-expanded="false"
            autocomplete="off"
            class="css-1osip2e"
            id="select-vessel"
            name="vessel.vesselName"
            role="combobox"
            style="border: 4px solid #b10e1e;"
            value=""
          />
        </div>
      </div>
    </label>
    <details>
      <summary
        class="govuk-details__summary"
      >
        I cannot find the vessel
      </summary>
      <div
        class="govuk-details__text "
      >
        If the vessel you need cannot be found, search for and select 'Vessel not found (N/A)'.
      </div>
    </details>
  </div>
</div>
`;
