// Jest Snapshot v1, https://goo.gl/fbAQLP

exports[`LandingsEntryPage should take a snapshot of the whole page 1`] = `
<div>
  <div
    class="css-1l99ixu-OuterContainer e4u1u2g0"
  >
    <div
      class="css-n57fe4-InnerContainer e4u1u2g1"
    >
      <form
        action="/v1/export-certificates/landings-type?c=/create-catch-certificate/document123/landings-entry&n=/create-catch-certificate/document123/progress&documentNumber=document123"
        method="POST"
      >
        <div
          class="css-1lzr9ic-StyledRow e4u1u2g0"
        >
          <div
            class="css-1w80l5h-StyledColumn e4u1u2g0"
          >
            <a
              class="e1vcssft0 css-zk98nb-Anchor-StyledHoc e4u1u2g0"
              href="/create-catch-certificate/document123/add-exporter-details"
            >
              Back
            </a>
            <h1
              class="e1vcssft0 css-11nzzut-StyledHeader-StyledHoc e4u1u2g0"
            >
              How do you want to enter your products and landings?
            </h1>
            <div
              class="e1vcssft0 css-1phgi8s-StyledFieldset-StyledHoc e4u1u2g0"
              id="landingsEntryOption"
            >
              <span
                class="e1vcssft0 css-3e01s4-StyledLabelText-StyledHoc e4u1u2g0"
              />
              <fieldset
                style="margin-bottom: 30px;"
              >
                <label
                  class="css-sdrcg6-StyledHoc"
                  for="directLandingOptionEntry"
                  id="label-directLandingOptionEntry"
                >
                  <input
                    checked=""
                    class="css-1xt3i3l"
                    id="directLandingOptionEntry"
                    name="landingsEntry"
                    type="radio"
                    value="directLanding"
                  />
                  <span
                    class="css-1uwxoxa"
                  >
                    Direct Landing
                  </span>
                  <span
                    class="css-hs8umk-StyledHint-StyledHoc e4u1u2g0"
                  >
                    Recommended for UK registered fishing vessels landing and exporting their catch simultaneously in the EU (or a GB registered fishing vessel direct landing in Northern Ireland).
                  </span>
                </label>
                <label
                  class="css-sdrcg6-StyledHoc"
                  for="manualOptionEntry"
                  id="label-manualOptionEntry"
                >
                  <input
                    class="css-1xt3i3l"
                    id="manualOptionEntry"
                    name="landingsEntry"
                    type="radio"
                    value="manualEntry"
                  />
                  <span
                    class="css-1uwxoxa"
                  >
                    Manual entry
                  </span>
                  <span
                    class="css-hs8umk-StyledHint-StyledHoc e4u1u2g0"
                  >
                    Recommended for small to medium sized exports.
                  </span>
                </label>
                <label
                  class="css-sdrcg6-StyledHoc"
                  for="uploadOptionEntry"
                  id="label-uploadOptionEntry"
                >
                  <input
                    class="css-1xt3i3l"
                    id="uploadOptionEntry"
                    name="landingsEntry"
                    type="radio"
                    value="uploadEntry"
                  />
                  <span
                    class="css-1uwxoxa"
                  >
                    Upload from a CSV file
                  </span>
                  <span
                    class="css-hs8umk-StyledHint-StyledHoc e4u1u2g0"
                  >
                    Recommended for large exports. (Requires the set up of product favourites).
                  </span>
                </label>
              </fieldset>
            </div>
            <details>
              <summary
                class="govuk-details__summary"
              >
                What is a CSV file?
              </summary>
              <div
                class="govuk-details__text "
              >
                <span>
                  A CSV file is a text file that uses commas to separate its values. Each value in the file is a data field and each line is a data record.
                </span>
                <br />
                <br />
                <span>
                  Spreadsheets and some software can usually export their data to a CSV file.
                </span>
              </div>
            </details>
          </div>
        </div>
        <div
          class="css-1lzr9ic-StyledRow e4u1u2g0"
        >
          <button
            class="css-1gc9650-StyledButton-StyledHoc e4u1u2g0"
            id="continue"
          >
            Save and continue
          </button>
        </div>
      </form>
      <div
        class="css-1lzr9ic-StyledRow e4u1u2g0"
      >
        <div
          class="css-1w80l5h-StyledColumn e4u1u2g0"
        >
          <hr
            class="help-link"
          />
          <h2
            class="e1vcssft0 css-162lx7h-StyledHeader-StyledHoc e4u1u2g0"
          >
            Need help?
          </h2>
          <a
            href="https://www.gov.uk/guidance/exporting-and-importing-fish-if-theres-no-brexit-deal"
            rel="noopener noreferrer"
            target="_blank"
          >
            Get help exporting fish from the UK (gov.uk)
             
            <span
              class="govuk-visually-hidden"
            >
              (opens in new tab)
            </span>
          </a>
        </div>
      </div>
    </div>
  </div>
</div>
`;
