// Jest Snapshot v1, https://goo.gl/fbAQLP

exports[`Landings Updated Page with no export payload should take a snapshot of the whole page 1`] = `
<div>
  <div
    class="css-1l99ixu-OuterContainer e4u1u2g0"
  >
    <div
      class="css-n57fe4-InnerContainer e4u1u2g1"
    >
      <div
        class="css-1lzr9ic-StyledRow e4u1u2g0"
      >
        <div
          class="css-1w80l5h-StyledColumn e4u1u2g0"
        >
          <a
            class="e1vcssft0 css-zk98nb-Anchor-StyledHoc e4u1u2g0"
            href="/catch-certificates/undefined/what-are-you-exporting"
          >
            Back
          </a>
          <div
            class="e1vcssft0 css-faqcc9-StyledInsetText-StyledHoc e4u1u2g0"
            id="speciesAndLandingsGuidanceMessage"
          >
            <p>
              Please note:
            </p>
            <ul
              class="ul e1vcssft0 css-t0nsp0-StyledList-StyledHoc e4u1u2g0"
            >
              <li
                class="e1vcssft0 css-h9lpae-StyledListItem-StyledHoc e4u1u2g0"
              >
                A landing date is required before selecting a vessel
              </li>
              <li
                class="e1vcssft0 css-h9lpae-StyledListItem-StyledHoc e4u1u2g0"
              >
                Landing dates can be up to 7 days in the future in draft documents but only up to 3 days in the future in final submitted catch certificates
              </li>
              <li
                class="e1vcssft0 css-h9lpae-StyledListItem-StyledHoc e4u1u2g0"
              >
                All landings should have been made in accordance with the relevant conservation and management measures
              </li>
              <li
                class="e1vcssft0 css-h9lpae-StyledListItem-StyledHoc e4u1u2g0"
              >
                Multiple landings can take up to 30 minutes to validate
              </li>
              <li
                class="e1vcssft0 css-h9lpae-StyledListItem-StyledHoc e4u1u2g0"
              >
                A maximum of 100 landings is allowed per certificate
              </li>
            </ul>
          </div>
          <h1
            class="e1vcssft0 css-11nzzut-StyledHeader-StyledHoc e4u1u2g0"
          >
            Add landings for each product
          </h1>
          <form
            class="add-landings-form"
            tabindex="0"
          >
            <div
              class="form-group"
            >
              <label
                class="form-label"
                for="product"
              >
                <span
                  class="form-label-bold"
                >
                  Product
                </span>
                
              </label>
              <select
                class="form-control"
                id="product"
                name="product"
              >
                <option
                  value=""
                >
                  Select a product
                </option>
              </select>
            </div>
            <div
              class="date-field-with-picker"
              id="dateLanded"
            >
              <div
                class="column-field-picker"
              >
                <div
                  class="date-field e1vcssft0 css-vav5a4-StyledContainer-StyledHoc e4u1u2g0"
                >
                  <span
                    class="e1vcssft0 css-3e01s4-StyledLabelText-StyledHoc e4u1u2g0"
                  >
                    <span
                      class="label-landings-form e1vcssft0 css-3e01s4-StyledLabelText-StyledHoc e4u1u2g0"
                      id="date-field-label-text"
                    >
                      Date Landed
                    </span>
                  </span>
                  <span
                    class="e1vcssft0 css-1whl0n4-StyledHint-StyledHoc e4u1u2g0"
                  >
                    For example, 31 03 1980
                  </span>
                  <div
                    class="css-bw34j1-StyledList e107rt5v2"
                  >
                    <label
                      class="e107rt5v1 css-iwpl6b-StyledLabel-StyledHoc-StyledLabel e4u1u2g0"
                    >
                      <span
                        class="e1vcssft0 css-3e01s4-StyledLabelText-StyledHoc e4u1u2g0"
                      >
                        Day
                      </span>
                      <input
                        class="css-lktfuz-StyledInput e107rt5v0"
                        name="dayInputName"
                        type="number"
                        value=""
                      />
                    </label>
                    <label
                      class="e107rt5v1 css-iwpl6b-StyledLabel-StyledHoc-StyledLabel e4u1u2g0"
                    >
                      <span
                        class="e1vcssft0 css-3e01s4-StyledLabelText-StyledHoc e4u1u2g0"
                      >
                        Month
                      </span>
                      <input
                        class="css-lktfuz-StyledInput e107rt5v0"
                        name="monthInputName"
                        type="number"
                        value=""
                      />
                    </label>
                    <label
                      class="e107rt5v1 css-17bpbza-StyledLabel-StyledHoc-StyledLabel e4u1u2g0"
                    >
                      <span
                        class="e1vcssft0 css-3e01s4-StyledLabelText-StyledHoc e4u1u2g0"
                      >
                        Year
                      </span>
                      <input
                        class="css-lktfuz-StyledInput e107rt5v0"
                        name="yearInputName"
                        type="number"
                        value=""
                      />
                    </label>
                  </div>
                </div>
                <div
                  class="date-picker "
                >
                  <button>
                    <img
                      alt="calendar"
                      src="/static/assets/images/calendar.png"
                    />
                  </button>
                </div>
              </div>
            </div>
            <span
              class="label-landings-form e1vcssft0 css-3e01s4-StyledLabelText-StyledHoc e4u1u2g0"
            >
              Catch area
            </span>
            <select
              class="autocomplete__input--default faoArea autocomplete__input"
              id="select-faoArea"
              name="faoArea"
              style="background-color: white;"
            >
              <option
                id="faoArea_FAO18"
                value="FAO18"
              >
                FAO18
              </option>
              <option
                id="faoArea_FAO21"
                value="FAO21"
              >
                FAO21
              </option>
              <option
                id="faoArea_FAO27"
                value="FAO27"
              >
                FAO27
              </option>
              <option
                id="faoArea_FAO31"
                value="FAO31"
              >
                FAO31
              </option>
              <option
                id="faoArea_FAO34"
                value="FAO34"
              >
                FAO34
              </option>
              <option
                id="faoArea_FAO37"
                value="FAO37"
              >
                FAO37
              </option>
              <option
                id="faoArea_FAO41"
                value="FAO41"
              >
                FAO41
              </option>
              <option
                id="faoArea_FAO47"
                value="FAO47"
              >
                FAO47
              </option>
              <option
                id="faoArea_FAO48"
                value="FAO48"
              >
                FAO48
              </option>
              <option
                id="faoArea_FAO51"
                value="FAO51"
              >
                FAO51
              </option>
              <option
                id="faoArea_FAO57"
                value="FAO57"
              >
                FAO57
              </option>
              <option
                id="faoArea_FAO58"
                value="FAO58"
              >
                FAO58
              </option>
              <option
                id="faoArea_FAO61"
                value="FAO61"
              >
                FAO61
              </option>
              <option
                id="faoArea_FAO67"
                value="FAO67"
              >
                FAO67
              </option>
              <option
                id="faoArea_FAO71"
                value="FAO71"
              >
                FAO71
              </option>
              <option
                id="faoArea_FAO77"
                value="FAO77"
              >
                FAO77
              </option>
              <option
                id="faoArea_FAO81"
                value="FAO81"
              >
                FAO81
              </option>
              <option
                id="faoArea_FAO87"
                value="FAO87"
              >
                FAO87
              </option>
              <option
                id="faoArea_FAO88"
                value="FAO88"
              >
                FAO88
              </option>
            </select>
            <span
              class="label-landings-form e1vcssft0 css-3e01s4-StyledLabelText-StyledHoc e4u1u2g0"
            >
              Vessel name or PLN
            </span>
            <label
              class="e1vcssft0 css-137pbp-StyledLabel-StyledHoc e4u1u2g0"
              for="select-vessel"
            >
              <div
                style="position: relative;"
              >
                <div
                  style="border: 1em;"
                >
                  <input
                    aria-autocomplete="list"
                    aria-expanded="false"
                    autocomplete="off"
                    class="css-1osip2e"
                    id="select-vessel"
                    name="vessel.vesselName"
                    role="combobox"
                    value=""
                  />
                </div>
              </div>
            </label>
            <details>
              <summary
                class="govuk-details__summary"
              >
                I cannot find the vessel
              </summary>
              <div
                class="govuk-details__text "
              >
                If the vessel you need cannot be found, search for and select 'Vessel not found (N/A)'.
              </div>
            </details>
            <div
              class="govuk-form-group"
              name="exportWeight"
            >
              <label
                class="govuk-label-weight-input e1vcssft0 css-137pbp-StyledLabel-StyledHoc e4u1u2g0"
                for="weight"
              >
                Export Weight
              </label>
              <span
                class="e1vcssft0 css-1whl0n4-StyledHint-StyledHoc e4u1u2g0"
              >
                For example, 175.25
              </span>
              <div
                class="govuk-input__wrapper"
              >
                <input
                  class="form-control weight-input"
                  id="weight"
                  name="weight"
                  spellcheck="false"
                  style="margin-right: 0px;"
                  type="text"
                  value=""
                />
                <div
                  aria-hidden="true"
                  class="govuk-input__suffix"
                >
                  kg
                </div>
              </div>
            </div>
            <div
              class="css-1lzr9ic-StyledRow e4u1u2g0"
              style="margin-bottom: 0px;"
            >
              <button
                class="css-17uw1q2-StyledButton-StyledHoc e4u1u2g0"
                id="cancel"
                name="cancel"
                type="button"
                value="cancel"
              >
                Cancel
              </button>
              <div
                class="css-1w80l5h-StyledColumn e4u1u2g0"
              >
                <button
                  class="button"
                  id="submit"
                  name="submit"
                >
                  Add landing
                </button>
              </div>
            </div>
          </form>
        </div>
      </div>
      <div
        class="css-1lzr9ic-StyledRow e4u1u2g0"
      >
        <div
          class="css-1w80l5h-StyledColumn e4u1u2g0"
        >
          <button
            class="e1vcssft0 css-1enchvi-StyledButton-StyledHoc e4u1u2g0"
            id="upload-file"
          >
            Upload products and landings
          </button>
          <h2
            class="heading-large"
            id="productsTableCaption"
          >
            Your products
          </h2>
          <table
            class="css-1uqv7s3-StyledTable e4u1u2g0"
            id="products-table"
          >
            <caption
              class="css-gzlitc-Caption e172z3n50"
            />
            <thead
              class="css-1iuscil-TableHeader e1tbxulj0"
            >
              <tr
                class="css-7u9vzt-RowInner e1bh3ka20"
              >
                <th
                  class="css-12e3svi-CellHeader e1sike1z0"
                >
                  Product
                </th>
                <th
                  class="css-12e3svi-CellHeader e1sike1z0"
                >
                  Export weight (kg)
                </th>
                <th
                  class="css-12e3svi-CellHeader e1sike1z0"
                  style="text-align: right;"
                >
                  Action
                </th>
              </tr>
            </thead>
            <tbody
              class="css-x1p7io-TableBody eo9ngsf0"
            >
              <tr
                class="css-7u9vzt-RowInner e1bh3ka20"
                id="products-table-footer"
              >
                <td
                  class="css-14ci18q-CellInner edqrv1d0"
                  style="font-weight: bold;"
                >
                  Total export weight
                </td>
                <td
                  class="css-14ci18q-CellInner edqrv1d0"
                  style="font-weight: bold;"
                >
                  0kg
                </td>
                <td
                  class="css-14ci18q-CellInner edqrv1d0"
                />
              </tr>
            </tbody>
          </table>
          <h2
            class="heading-large"
            id="landingsTableCaption"
          >
            Your landings
          </h2>
          <table
            class="css-1uqv7s3-StyledTable e4u1u2g0"
            id="landings-table"
          >
            <caption
              class="css-gzlitc-Caption e172z3n50"
            />
            <thead
              class="css-1iuscil-TableHeader e1tbxulj0"
            >
              <tr
                class="css-7u9vzt-RowInner e1bh3ka20"
              >
                <th
                  class="css-12e3svi-CellHeader e1sike1z0"
                >
                  Product
                </th>
                <th
                  class="css-12e3svi-CellHeader e1sike1z0"
                >
                  Landing
                </th>
                <th
                  class="css-12e3svi-CellHeader e1sike1z0"
                >
                  Export weight (kg)
                </th>
                <th
                  class="css-12e3svi-CellHeader e1sike1z0"
                  style="text-align: right;"
                >
                  Action
                </th>
              </tr>
            </thead>
            <tbody
              class="css-x1p7io-TableBody eo9ngsf0"
            />
          </table>
          <div
            style="padding: 10px 0px; border-bottom: 1px solid #ccc; clear: both;"
          >
            <div
              class="bold-small text-left"
            >
              0
               
              landings
            </div>
          </div>
        </div>
      </div>
      <form
        action="/orchestration/api/v1/export-certificates/export-payload/validate"
        id="outer"
        method="POST"
      >
        <input
          name="currentUri"
          type="hidden"
          value="/catch-certificates/:documentNumber/add-landings"
        />
        <input
          name="previousUri"
          type="hidden"
          value="/catch-certificates/:documentNumber/what-are-you-exporting"
        />
        <input
          name="nextUri"
          type="hidden"
          value="/catch-certificates/:documentNumber/whose-waters-were-they-caught-in"
        />
        <input
          name="dashboardUri"
          type="hidden"
          value="/create-catch-certificate/catch-certificates"
        />
        <input
          name="journey"
          type="hidden"
          value="catchCertificate"
        />
        <div
          class="css-1lzr9ic-StyledRow e4u1u2g0"
        >
          <button
            class="css-17uw1q2-StyledButton-StyledHoc e4u1u2g0"
            formaction="/orchestration/api/v1/export-certificates/export-payload/validate/saveAsDraft"
            id="saveAsDraft"
            name="saveAsDraft"
            type="submit"
          >
            Save as Draft
          </button>
          <button
            class="css-1gc9650-StyledButton-StyledHoc e4u1u2g0"
            id="continue"
          >
            Save and continue
          </button>
        </div>
      </form>
      <a
        href="/catch-certificates/undefined/progress"
        id="backToProgress"
      >
        Back to Your Progress
        <span
          class="govuk-visually-hidden"
        >
          back to your progress page link
        </span>
      </a>
      <div
        class="css-1lzr9ic-StyledRow e4u1u2g0"
      >
        <div
          class="css-1w80l5h-StyledColumn e4u1u2g0"
        >
          <hr
            class="help-link"
          />
          <h2
            class="e1vcssft0 css-162lx7h-StyledHeader-StyledHoc e4u1u2g0"
          >
            Need help?
          </h2>
          <a
            href="undefined"
            rel="noopener noreferrer"
            target="_blank"
          >
            Get help exporting fish from the UK (gov.uk)
             
            <span
              class="govuk-visually-hidden"
            >
              (opens in new tab)
            </span>
          </a>
        </div>
      </div>
    </div>
  </div>
</div>
`;
