// Jest Snapshot v1, https://goo.gl/fbAQLP

exports[`ProductWeights should take a snapshot of the whole page 1`] = `
<div>
  <div>
    <h2
      class="e1vcssft0 css-162lx7h-StyledHeader-StyledHoc e4u1u2g0"
    >
      Product weights
    </h2>
    <div
      class="css-1lzr9ic-StyledRow e4u1u2g0"
    >
      <div
        class="css-1w80l5h-StyledColumn e4u1u2g0"
      >
        <table
          class="css-1uqv7s3-StyledTable e4u1u2g0"
          id="species-table"
        >
          <caption
            class="css-gzlitc-Caption e172z3n50"
          />
          <thead
            class="css-1iuscil-TableHeader e1tbxulj0"
          >
            <tr
              class="css-7u9vzt-RowInner e1bh3ka20"
            >
              <th
                class="css-12e3svi-CellHeader e1sike1z0"
              >
                Product
              </th>
              <th
                class="css-12e3svi-CellHeader e1sike1z0"
              >
                Export weight
              </th>
            </tr>
          </thead>
          <tbody
            class="css-x1p7io-TableBody eo9ngsf0"
          >
            <tr
              class="css-7u9vzt-RowInner e1bh3ka20"
              id="species_1"
            >
              <td
                class="css-14ci18q-CellInner edqrv1d0"
              >
                Cod
              </td>
              <td
                class="css-14ci18q-CellInner edqrv1d0"
              >
                <div
                  class="govuk-form-group"
                  name="exportWeight"
                >
                  <label
                    class="govuk-label-weight-input e1vcssft0 css-137pbp-StyledLabel-StyledHoc e4u1u2g0"
                    for="weight"
                  />
                  <div
                    class="govuk-input__wrapper"
                  >
                    <input
                      class="form-control weight-input"
                      id="weights.0.exportWeight"
                      name="weight"
                      spellcheck="false"
                      style="margin-right: 0px;"
                      type="text"
                      value="100"
                    />
                    <div
                      aria-hidden="true"
                      class="govuk-input__suffix"
                    >
                      kg
                    </div>
                  </div>
                </div>
              </td>
            </tr>
            <tr
              class="css-7u9vzt-RowInner e1bh3ka20"
              id="species_2"
            >
              <td
                class="css-14ci18q-CellInner edqrv1d0"
              >
                Herring
              </td>
              <td
                class="css-14ci18q-CellInner edqrv1d0"
              >
                <div
                  class="govuk-form-group govuk-form-group-error"
                  name="exportWeight"
                >
                  <label
                    class="govuk-label-weight-input e1vcssft0 css-137pbp-StyledLabel-StyledHoc e4u1u2g0"
                    for="weight"
                  />
                  <div
                    class="error-message"
                  >
                    error!
                  </div>
                  <div
                    class="govuk-input__wrapper"
                  >
                    <input
                      class="form-control form-control-error weight-input"
                      id="weights.1.exportWeight"
                      name="weight"
                      spellcheck="false"
                      style="margin-right: 0px;"
                      type="text"
                      value="200"
                    />
                    <div
                      aria-hidden="true"
                      class="govuk-input__suffix"
                    >
                      kg
                    </div>
                  </div>
                </div>
              </td>
            </tr>
            <tr
              class="css-7u9vzt-RowInner e1bh3ka20"
            >
              <td
                class="css-14ci18q-CellInner edqrv1d0"
              >
                <strong>
                  Total export weight
                </strong>
              </td>
              <td
                class="css-14ci18q-CellInner edqrv1d0"
                id="totalExportWeight"
              >
                <strong>
                  300
                  kg
                </strong>
              </td>
            </tr>
          </tbody>
        </table>
      </div>
    </div>
  </div>
</div>
`;
