// Jest Snapshot v1, https://goo.gl/fbAQLP

exports[`Statement Page should should create snapshot of the UI 1`] = `
<div>
  <div
    class="css-1l99ixu-OuterContainer e4u1u2g0"
  >
    <div
      class="css-n57fe4-InnerContainer e4u1u2g1"
    >
      <div
        class="css-1lzr9ic-StyledRow e4u1u2g0"
      >
        <div
          class="css-1w80l5h-StyledColumn e4u1u2g0"
        >
          <div
            class="submitted-certificate-bg e1vcssft0 css-1y5yjt5-StyledPanel-StyledHoc e4u1u2g0"
          >
            <h2
              class="css-em1gqr-StyledTitle e4u1u2g1"
            >
              The storage document has been created
            </h2>
            <div
              class="css-1l9w67v-StyledBody e4u1u2g2"
            >
              Storage statement number
              <br />
              <strong
                id="documentNumber"
              >
                GBR-2021-SD-7FF42686F
              </strong>
            </div>
          </div>
        </div>
      </div>
      <div
        class="css-1lzr9ic-StyledRow e4u1u2g0"
      >
        <div
          class="css-1w80l5h-StyledColumn e4u1u2g0"
        >
          <h2
            class="e1vcssft0 css-1wlsbnr-StyledHeader-StyledHoc e4u1u2g0"
          >
            What you need to do next
          </h2>
          <ol
            class="list list-number"
          >
            <li>
              <strong>
                <a
                  href="/pdf/export-certificates/_75d4eda9-2f5a-46d4-9324-9fe28915575d.pdf"
                  rel="noopener noreferrer"
                >
                  Download the storage document
                </a>
                . 
              </strong>
              Do not amend the document. Please note:
              <ul
                class="list list-bullet"
              >
                <li>
                  if you are using Firefox as an internet browser, please ensure JavaScript is enabled in order to view and download the certificate
                </li>
                <li>
                  if you are using a mobile device, please ensure you have installed a PDF viewer
                </li>
              </ul>
            </li>
            <li>
              <strong>
                Email the storage document to the importer
                . 
              </strong>
              <span>
                It is the importer's responsibility to submit it to the import control authority where your export will enter the EU. The importing authority will complete and sign their section of the document at the Border Inspection Post (BIP).
              </span>
            </li>
          </ol>
          <p>
            <a
              href="/create-storage-document/storage-documents"
            >
              View completed storage documents or create a new export document
            </a>
          </p>
          <div
            class="css-1lzr9ic-StyledRow e4u1u2g0"
          >
            <div
              class="css-1w80l5h-StyledColumn e4u1u2g0"
            >
              <hr
                class="help-link"
              />
              <h2
                class="e1vcssft0 css-162lx7h-StyledHeader-StyledHoc e4u1u2g0"
              >
                Need help?
              </h2>
              <a
                href="undefined"
                rel="noopener noreferrer"
                target="_blank"
              >
                Get help exporting fish from the UK (gov.uk)
                 
                <span
                  class="govuk-visually-hidden"
                >
                  (opens in new tab)
                </span>
              </a>
            </div>
          </div>
        </div>
      </div>
    </div>
  </div>
</div>
`;
