// Jest Snapshot v1, https://goo.gl/fbAQLP

exports[`StorageFacility - with storage notes and no storage facilities should take a snapshot of the whole page 1`] = `
<div>
  <div
    class="create-storage-document css-1l99ixu-OuterContainer e4u1u2g0"
  >
    <div
      class="css-n57fe4-InnerContainer e4u1u2g1"
    >
      <div
        class="css-1lzr9ic-StyledRow e4u1u2g0"
      >
        <div
          class="css-1w80l5h-StyledColumn e4u1u2g0"
        >
          <a
            class="e1vcssft0 css-zk98nb-Anchor-StyledHoc e4u1u2g0"
            href="/orchestration/api/v1/storageNotes/back?n=/create-storage-document/undefined/you-have-added-a-product"
          >
            Back
          </a>
          <h1
            class="e1vcssft0 css-11nzzut-StyledHeader-StyledHoc e4u1u2g0"
          >
            Add storage facility details
          </h1>
        </div>
      </div>
      <form
        action="/orchestration/api/v1/storageNotes/saveAndValidate?c=/create-storage-document/undefined/add-storage-facility-details/0&n=/create-storage-document/undefined/you-have-added-a-storage-facility"
        method="POST"
      >
        <div
          class="css-1lzr9ic-StyledRow e4u1u2g0"
        >
          <div
            class="css-n58wva-StyledColumn e4u1u2g0"
          >
            <label
              class="e1vcssft0 e1vcssft0 css-5tg97n-StyledLabel-StyledHoc-StyledHoc e4u1u2g0"
              for="storageFacilities.0.facilityName"
              id="storageFacilities-0-facilityName"
            >
              <span
                class="e1vcssft0 css-3e01s4-StyledLabelText-StyledHoc e4u1u2g0"
              >
                Facility name
              </span>
              
              <input
                autocomplete="off"
                class="formControl e1vcssft0 css-4n7f6s-StyledInput-StyledHoc e4u1u2g0"
                id="storageFacilities.0.facilityName"
                name="storageFacilities.0.facilityName"
                type="text"
                value=""
              />
            </label>
          </div>
        </div>
        <div
          class="css-1lzr9ic-StyledRow e4u1u2g0"
        >
          <div
            class="css-n58wva-StyledColumn e4u1u2g0"
          >
            <p
              id="lookup-address"
            >
              An address must be added for this storage facility.
            </p>
            <p
              id="address-link-wrapper"
            >
              <a
                class="change-address-link"
                href="/"
                id="add-lookup-address-link"
              >
                Add the storage facility address
              </a>
            </p>
          </div>
        </div>
        <div
          class="css-1lzr9ic-StyledRow e4u1u2g0"
        >
          <button
            class="css-17uw1q2-StyledButton-StyledHoc e4u1u2g0"
            formaction="/orchestration/api/v1/storageNotes/saveAndValidate?saveAsDraftUrl=undefined&c=/create-storage-document/add-storage-facility-details/0&n=/create-storage-document/you-have-added-a-storage-facility"
            id="saveAsDraft"
            name="saveAsDraft"
            type="submit"
          >
            Save as Draft
          </button>
          <input
            name="journey"
            type="hidden"
            value="storageNotes"
          />
          <input
            name="currentUri"
            type="hidden"
            value="/products"
          />
          <button
            class="css-1gc9650-StyledButton-StyledHoc e4u1u2g0"
            id="continue"
            type="submit"
          >
            Save and continue
          </button>
        </div>
      </form>
      <a
        href="/create-storage-document/progress"
        id="backToProgress"
      >
        Back to Your Progress
        <span
          class="govuk-visually-hidden"
        >
          back to your progress page link
        </span>
      </a>
      <div
        class="css-1lzr9ic-StyledRow e4u1u2g0"
      >
        <div
          class="css-1w80l5h-StyledColumn e4u1u2g0"
        >
          <hr
            class="help-link"
          />
          <h2
            class="e1vcssft0 css-162lx7h-StyledHeader-StyledHoc e4u1u2g0"
          >
            Need help?
          </h2>
          <a
            href="undefined"
            rel="noopener noreferrer"
            target="_blank"
          >
            Get help exporting fish from the UK (gov.uk)
             
            <span
              class="govuk-visually-hidden"
            >
              (opens in new tab)
            </span>
          </a>
        </div>
      </div>
    </div>
  </div>
</div>
`;
